Product: MDK-ARM Standard 5.10
Component: ARM Compiler 5.04 update 1 (build 49)
Tool: armlink [5040049]

==============================================================================

Section Cross References

    arm_startup_nrf51.o(RESET) refers to arm_startup_nrf51.o(STACK) for __initial_sp
    arm_startup_nrf51.o(RESET) refers to arm_startup_nrf51.o(.text) for Reset_Handler
    arm_startup_nrf51.o(RESET) refers to time.o(.text) for TIMER2_IRQHandler
    arm_startup_nrf51.o(RESET) refers to softdevice_handler.o(.text) for SWI2_IRQHandler
    arm_startup_nrf51.o(.text) refers to system_nrf51.o(.text) for SystemInit
    arm_startup_nrf51.o(.text) refers to entry.o(.ARM.Collect$$$$00000000) for __main
    system_nrf51.o(.text) refers to system_nrf51.o(.data) for SystemCoreClock
    main.o(.text) refers to printfa.o(i.__0printf) for __2printf
    main.o(.text) refers to client_handling.o(.text) for client_create
    main.o(.text) refers to conn_mngr.o(.text) for conn_mngr_ble_evt_handler
    main.o(.text) refers to softdevice_handler.o(.text) for softdevice_handler_init
    main.o(.text) refers to debug.o(.text) for debug_init
    main.o(.text) refers to led.o(.text) for led_init
    main.o(.text) refers to time.o(.text) for time1_init
    main.o(.text) refers to main.o(.conststring) for .conststring
    main.o(.text) refers to main.o(.bss) for EVT_BUFFER
    client_handling.o(.text) refers to main.o(.text) for app_error_handler
    client_handling.o(.text) refers to memcpya.o(.text) for __aeabi_memcpy
    client_handling.o(.text) refers to client_handling.o(i.__ARM_common_switch8) for __ARM_common_switch8
    client_handling.o(.text) refers to client_handling.o(.bss) for m_client
    client_handling.o(.text) refers to client_handling.o(.data) for m_base_uuid_type
    client_handling.o(.text) refers to client_handling.o(.constdata) for .constdata
    client_handling.o(.text) refers to conn_mngr.o(.text) for conn_mngr_app_context_set
    time.o(.text) refers to led.o(.text) for LED1_Toggle
    time.o(.text) refers to main.o(.data) for tc_tick
    ble_srv_common.o(.text) refers to main.o(.text) for app_error_handler
    ble_srv_common.o(.text) refers to strlen.o(.text) for strlen
    ble_debug_assert_handler.o(.text) refers to strncpy.o(.text) for strncpy
    ble_debug_assert_handler.o(.text) refers to ble_debug_assert_handler.o(.bss) for s_file_name
    ble_debug_assert_handler.o(.text) refers to ble_debug_assert_handler.o(.data) for s_line_num
    softdevice_handler.o(.text) refers to main.o(.text) for assert_nrf_callback
    softdevice_handler.o(.text) refers to printfa.o(i.__0printf) for __2printf
    softdevice_handler.o(.text) refers to softdevice_handler.o(.data) for m_softdevice_enabled
    conn_mngr.o(.text) refers to printfa.o(i.__0printf) for __2printf
    conn_mngr.o(.text) refers to conn_mngr.o(.data) for m_app_table
    conn_mngr.o(.text) refers to conn_mngr.o(.bss) for m_cnxn_inst_table
    conn_mngr.o(.text) refers to conn_mngr.o(.constdata) for m_scan_param
    conn_mngr.o(.text) refers to cdcmple.o(.text) for __aeabi_cdcmpeq
    conn_mngr.o(.text) refers to dflti.o(.text) for __aeabi_i2d
    conn_mngr.o(.text) refers to dmul.o(.text) for __aeabi_dmul
    conn_mngr.o(.text) refers to ddiv.o(.text) for __aeabi_ddiv
    conn_mngr.o(.text) refers to pow.o(i.pow) for pow
    conn_mngr.o(.text) refers to dadd.o(.text) for __aeabi_dadd
    conn_mngr.o(.text) refers to conn_mngr.o(.conststring) for .conststring
    debug.o(.text) refers to simple_uart.o(.text) for simple_uart_config
    simple_uart.o(.text) refers to simple_uart.o(.emb_text) for __asm___13_simple_uart_c_5dda6715__nrf_delay_us
    pow.o(i.__softfp_pow) refers (Special) to iusefp.o(.text) for __I$use$fp
    pow.o(i.__softfp_pow) refers to pow.o(i.pow) for pow
    pow.o(i.pow) refers (Special) to iusefp.o(.text) for __I$use$fp
    pow.o(i.pow) refers to dadd.o(.text) for __aeabi_dadd
    pow.o(i.pow) refers to errno.o(i.__set_errno) for __set_errno
    pow.o(i.pow) refers to ddiv.o(.text) for __aeabi_ddiv
    pow.o(i.pow) refers to sqrt.o(i.sqrt) for sqrt
    pow.o(i.pow) refers to dscalb.o(.text) for __ARM_scalbn
    pow.o(i.pow) refers to dunder.o(i.__mathlib_dbl_underflow) for __mathlib_dbl_underflow
    pow.o(i.pow) refers to dmul.o(.text) for __aeabi_dmul
    pow.o(i.pow) refers to qnan.o(.constdata) for __mathlib_zero
    pow.o(i.pow) refers to pow.o(.constdata) for .constdata
    pow.o(i.pow) refers to poly.o(i.__kernel_poly) for __kernel_poly
    pow.o(i.pow) refers to dflti.o(.text) for __aeabi_i2d
    pow.o(i.pow) refers to cdrcmple.o(.text) for __aeabi_cdrcmple
    pow.o(i.pow) refers to fpclassify.o(i.__ARM_fpclassify) for __ARM_fpclassify
    pow.o(.constdata) refers (Special) to iusefp.o(.text) for __I$use$fp
    pow_x.o(i.____softfp_pow$lsc) refers (Special) to iusefp.o(.text) for __I$use$fp
    pow_x.o(i.____softfp_pow$lsc) refers to pow_x.o(i.__pow$lsc) for __pow$lsc
    pow_x.o(i.__pow$lsc) refers (Special) to iusefp.o(.text) for __I$use$fp
    pow_x.o(i.__pow$lsc) refers to dadd.o(.text) for __aeabi_dadd
    pow_x.o(i.__pow$lsc) refers to errno.o(i.__set_errno) for __set_errno
    pow_x.o(i.__pow$lsc) refers to ddiv.o(.text) for __aeabi_ddiv
    pow_x.o(i.__pow$lsc) refers to sqrt.o(i.sqrt) for sqrt
    pow_x.o(i.__pow$lsc) refers to dflti.o(.text) for __aeabi_i2d
    pow_x.o(i.__pow$lsc) refers to dscalb.o(.text) for __ARM_scalbn
    pow_x.o(i.__pow$lsc) refers to dmul.o(.text) for __aeabi_dmul
    pow_x.o(i.__pow$lsc) refers to qnan.o(.constdata) for __mathlib_zero
    pow_x.o(i.__pow$lsc) refers to poly.o(i.__kernel_poly) for __kernel_poly
    pow_x.o(i.__pow$lsc) refers to cdrcmple.o(.text) for __aeabi_cdrcmple
    pow_x.o(i.__pow$lsc) refers to pow_x.o(.constdata) for .constdata
    pow_x.o(.constdata) refers (Special) to iusefp.o(.text) for __I$use$fp
    entry.o(.ARM.Collect$$$$00000000) refers (Special) to entry10a.o(.ARM.Collect$$$$0000000D) for __rt_final_cpp
    entry.o(.ARM.Collect$$$$00000000) refers (Special) to entry11a.o(.ARM.Collect$$$$0000000F) for __rt_final_exit
    entry.o(.ARM.Collect$$$$00000000) refers (Special) to entry7b.o(.ARM.Collect$$$$00000008) for _main_clock
    entry.o(.ARM.Collect$$$$00000000) refers (Special) to entry8b.o(.ARM.Collect$$$$0000000A) for _main_cpp_init
    entry.o(.ARM.Collect$$$$00000000) refers (Special) to entry9a.o(.ARM.Collect$$$$0000000B) for _main_init
    entry.o(.ARM.Collect$$$$00000000) refers (Special) to entry5.o(.ARM.Collect$$$$00000004) for _main_scatterload
    entry.o(.ARM.Collect$$$$00000000) refers (Special) to entry2.o(.ARM.Collect$$$$00000001) for _main_stk
    printfb.o(i.__0fprintf$bare) refers to printfb.o(i._printf_core) for _printf_core
    printfb.o(i.__0fprintf$bare) refers to debug.o(.text) for fputc
    printfb.o(i.__0printf$bare) refers to printfb.o(i._printf_core) for _printf_core
    printfb.o(i.__0printf$bare) refers to debug.o(.text) for fputc
    printfb.o(i.__0printf$bare) refers to stdout.o(.data) for __stdout
    printfb.o(i.__0snprintf$bare) refers to printfb.o(i._printf_core) for _printf_core
    printfb.o(i.__0snprintf$bare) refers to printfb.o(i._snputc) for _snputc
    printfb.o(i.__0sprintf$bare) refers to printfb.o(i._printf_core) for _printf_core
    printfb.o(i.__0sprintf$bare) refers to printfb.o(i._sputc) for _sputc
    printfb.o(i.__0vfprintf$bare) refers to printfb.o(i._printf_core) for _printf_core
    printfb.o(i.__0vfprintf$bare) refers to debug.o(.text) for fputc
    printfb.o(i.__0vprintf$bare) refers to printfb.o(i._printf_core) for _printf_core
    printfb.o(i.__0vprintf$bare) refers to debug.o(.text) for fputc
    printfb.o(i.__0vprintf$bare) refers to stdout.o(.data) for __stdout
    printfb.o(i.__0vsnprintf$bare) refers to printfb.o(i._printf_core) for _printf_core
    printfb.o(i.__0vsnprintf$bare) refers to printfb.o(i._snputc) for _snputc
    printfb.o(i.__0vsprintf$bare) refers to printfb.o(i._printf_core) for _printf_core
    printfb.o(i.__0vsprintf$bare) refers to printfb.o(i._sputc) for _sputc
    printf0.o(i.__0fprintf$0) refers to printf0.o(i._printf_core) for _printf_core
    printf0.o(i.__0fprintf$0) refers to debug.o(.text) for fputc
    printf0.o(i.__0printf$0) refers to printf0.o(i._printf_core) for _printf_core
    printf0.o(i.__0printf$0) refers to debug.o(.text) for fputc
    printf0.o(i.__0printf$0) refers to stdout.o(.data) for __stdout
    printf0.o(i.__0snprintf$0) refers to printf0.o(i._printf_core) for _printf_core
    printf0.o(i.__0snprintf$0) refers to printf0.o(i._snputc) for _snputc
    printf0.o(i.__0sprintf$0) refers to printf0.o(i._printf_core) for _printf_core
    printf0.o(i.__0sprintf$0) refers to printf0.o(i._sputc) for _sputc
    printf0.o(i.__0vfprintf$0) refers to printf0.o(i._printf_core) for _printf_core
    printf0.o(i.__0vfprintf$0) refers to debug.o(.text) for fputc
    printf0.o(i.__0vprintf$0) refers to printf0.o(i._printf_core) for _printf_core
    printf0.o(i.__0vprintf$0) refers to debug.o(.text) for fputc
    printf0.o(i.__0vprintf$0) refers to stdout.o(.data) for __stdout
    printf0.o(i.__0vsnprintf$0) refers to printf0.o(i._printf_core) for _printf_core
    printf0.o(i.__0vsnprintf$0) refers to printf0.o(i._snputc) for _snputc
    printf0.o(i.__0vsprintf$0) refers to printf0.o(i._printf_core) for _printf_core
    printf0.o(i.__0vsprintf$0) refers to printf0.o(i._sputc) for _sputc
    printf1.o(i.__0fprintf$1) refers to printf1.o(i._printf_core) for _printf_core
    printf1.o(i.__0fprintf$1) refers to debug.o(.text) for fputc
    printf1.o(i.__0printf$1) refers to printf1.o(i._printf_core) for _printf_core
    printf1.o(i.__0printf$1) refers to debug.o(.text) for fputc
    printf1.o(i.__0printf$1) refers to stdout.o(.data) for __stdout
    printf1.o(i.__0snprintf$1) refers to printf1.o(i._printf_core) for _printf_core
    printf1.o(i.__0snprintf$1) refers to printf1.o(i._snputc) for _snputc
    printf1.o(i.__0sprintf$1) refers to printf1.o(i._printf_core) for _printf_core
    printf1.o(i.__0sprintf$1) refers to printf1.o(i._sputc) for _sputc
    printf1.o(i.__0vfprintf$1) refers to printf1.o(i._printf_core) for _printf_core
    printf1.o(i.__0vfprintf$1) refers to debug.o(.text) for fputc
    printf1.o(i.__0vprintf$1) refers to printf1.o(i._printf_core) for _printf_core
    printf1.o(i.__0vprintf$1) refers to debug.o(.text) for fputc
    printf1.o(i.__0vprintf$1) refers to stdout.o(.data) for __stdout
    printf1.o(i.__0vsnprintf$1) refers to printf1.o(i._printf_core) for _printf_core
    printf1.o(i.__0vsnprintf$1) refers to printf1.o(i._snputc) for _snputc
    printf1.o(i.__0vsprintf$1) refers to printf1.o(i._printf_core) for _printf_core
    printf1.o(i.__0vsprintf$1) refers to printf1.o(i._sputc) for _sputc
    printf1.o(i._printf_core) refers to uidiv.o(.text) for __aeabi_uidivmod
    printf2.o(i.__0fprintf$2) refers to printf2.o(i._printf_core) for _printf_core
    printf2.o(i.__0fprintf$2) refers to debug.o(.text) for fputc
    printf2.o(i.__0printf$2) refers to printf2.o(i._printf_core) for _printf_core
    printf2.o(i.__0printf$2) refers to debug.o(.text) for fputc
    printf2.o(i.__0printf$2) refers to stdout.o(.data) for __stdout
    printf2.o(i.__0snprintf$2) refers to printf2.o(i._printf_core) for _printf_core
    printf2.o(i.__0snprintf$2) refers to printf2.o(i._snputc) for _snputc
    printf2.o(i.__0sprintf$2) refers to printf2.o(i._printf_core) for _printf_core
    printf2.o(i.__0sprintf$2) refers to printf2.o(i._sputc) for _sputc
    printf2.o(i.__0vfprintf$2) refers to printf2.o(i._printf_core) for _printf_core
    printf2.o(i.__0vfprintf$2) refers to debug.o(.text) for fputc
    printf2.o(i.__0vprintf$2) refers to printf2.o(i._printf_core) for _printf_core
    printf2.o(i.__0vprintf$2) refers to debug.o(.text) for fputc
    printf2.o(i.__0vprintf$2) refers to stdout.o(.data) for __stdout
    printf2.o(i.__0vsnprintf$2) refers to printf2.o(i._printf_core) for _printf_core
    printf2.o(i.__0vsnprintf$2) refers to printf2.o(i._snputc) for _snputc
    printf2.o(i.__0vsprintf$2) refers to printf2.o(i._printf_core) for _printf_core
    printf2.o(i.__0vsprintf$2) refers to printf2.o(i._sputc) for _sputc
    printf3.o(i.__0fprintf$3) refers to printf3.o(i._printf_core) for _printf_core
    printf3.o(i.__0fprintf$3) refers to debug.o(.text) for fputc
    printf3.o(i.__0printf$3) refers to printf3.o(i._printf_core) for _printf_core
    printf3.o(i.__0printf$3) refers to debug.o(.text) for fputc
    printf3.o(i.__0printf$3) refers to stdout.o(.data) for __stdout
    printf3.o(i.__0snprintf$3) refers to printf3.o(i._printf_core) for _printf_core
    printf3.o(i.__0snprintf$3) refers to printf3.o(i._snputc) for _snputc
    printf3.o(i.__0sprintf$3) refers to printf3.o(i._printf_core) for _printf_core
    printf3.o(i.__0sprintf$3) refers to printf3.o(i._sputc) for _sputc
    printf3.o(i.__0vfprintf$3) refers to printf3.o(i._printf_core) for _printf_core
    printf3.o(i.__0vfprintf$3) refers to debug.o(.text) for fputc
    printf3.o(i.__0vprintf$3) refers to printf3.o(i._printf_core) for _printf_core
    printf3.o(i.__0vprintf$3) refers to debug.o(.text) for fputc
    printf3.o(i.__0vprintf$3) refers to stdout.o(.data) for __stdout
    printf3.o(i.__0vsnprintf$3) refers to printf3.o(i._printf_core) for _printf_core
    printf3.o(i.__0vsnprintf$3) refers to printf3.o(i._snputc) for _snputc
    printf3.o(i.__0vsprintf$3) refers to printf3.o(i._printf_core) for _printf_core
    printf3.o(i.__0vsprintf$3) refers to printf3.o(i._sputc) for _sputc
    printf3.o(i._printf_core) refers to uidiv.o(.text) for __aeabi_uidivmod
    printf4.o(i.__0fprintf$4) refers to printf4.o(i._printf_core) for _printf_core
    printf4.o(i.__0fprintf$4) refers to debug.o(.text) for fputc
    printf4.o(i.__0printf$4) refers to printf4.o(i._printf_core) for _printf_core
    printf4.o(i.__0printf$4) refers to debug.o(.text) for fputc
    printf4.o(i.__0printf$4) refers to stdout.o(.data) for __stdout
    printf4.o(i.__0snprintf$4) refers to printf4.o(i._printf_core) for _printf_core
    printf4.o(i.__0snprintf$4) refers to printf4.o(i._snputc) for _snputc
    printf4.o(i.__0sprintf$4) refers to printf4.o(i._printf_core) for _printf_core
    printf4.o(i.__0sprintf$4) refers to printf4.o(i._sputc) for _sputc
    printf4.o(i.__0vfprintf$4) refers to printf4.o(i._printf_core) for _printf_core
    printf4.o(i.__0vfprintf$4) refers to debug.o(.text) for fputc
    printf4.o(i.__0vprintf$4) refers to printf4.o(i._printf_core) for _printf_core
    printf4.o(i.__0vprintf$4) refers to debug.o(.text) for fputc
    printf4.o(i.__0vprintf$4) refers to stdout.o(.data) for __stdout
    printf4.o(i.__0vsnprintf$4) refers to printf4.o(i._printf_core) for _printf_core
    printf4.o(i.__0vsnprintf$4) refers to printf4.o(i._snputc) for _snputc
    printf4.o(i.__0vsprintf$4) refers to printf4.o(i._printf_core) for _printf_core
    printf4.o(i.__0vsprintf$4) refers to printf4.o(i._sputc) for _sputc
    printf4.o(i._printf_core) refers to uldiv.o(.text) for __aeabi_uldivmod
    printf5.o(i.__0fprintf$5) refers to printf5.o(i._printf_core) for _printf_core
    printf5.o(i.__0fprintf$5) refers to debug.o(.text) for fputc
    printf5.o(i.__0printf$5) refers to printf5.o(i._printf_core) for _printf_core
    printf5.o(i.__0printf$5) refers to debug.o(.text) for fputc
    printf5.o(i.__0printf$5) refers to stdout.o(.data) for __stdout
    printf5.o(i.__0snprintf$5) refers to printf5.o(i._printf_core) for _printf_core
    printf5.o(i.__0snprintf$5) refers to printf5.o(i._snputc) for _snputc
    printf5.o(i.__0sprintf$5) refers to printf5.o(i._printf_core) for _printf_core
    printf5.o(i.__0sprintf$5) refers to printf5.o(i._sputc) for _sputc
    printf5.o(i.__0vfprintf$5) refers to printf5.o(i._printf_core) for _printf_core
    printf5.o(i.__0vfprintf$5) refers to debug.o(.text) for fputc
    printf5.o(i.__0vprintf$5) refers to printf5.o(i._printf_core) for _printf_core
    printf5.o(i.__0vprintf$5) refers to debug.o(.text) for fputc
    printf5.o(i.__0vprintf$5) refers to stdout.o(.data) for __stdout
    printf5.o(i.__0vsnprintf$5) refers to printf5.o(i._printf_core) for _printf_core
    printf5.o(i.__0vsnprintf$5) refers to printf5.o(i._snputc) for _snputc
    printf5.o(i.__0vsprintf$5) refers to printf5.o(i._printf_core) for _printf_core
    printf5.o(i.__0vsprintf$5) refers to printf5.o(i._sputc) for _sputc
    printf5.o(i._printf_core) refers to uldiv.o(.text) for __aeabi_uldivmod
    printf6.o(i.__0fprintf$6) refers to printf6.o(i._printf_core) for _printf_core
    printf6.o(i.__0fprintf$6) refers to debug.o(.text) for fputc
    printf6.o(i.__0printf$6) refers to printf6.o(i._printf_core) for _printf_core
    printf6.o(i.__0printf$6) refers to debug.o(.text) for fputc
    printf6.o(i.__0printf$6) refers to stdout.o(.data) for __stdout
    printf6.o(i.__0snprintf$6) refers to printf6.o(i._printf_core) for _printf_core
    printf6.o(i.__0snprintf$6) refers to printf6.o(i._snputc) for _snputc
    printf6.o(i.__0sprintf$6) refers to printf6.o(i._printf_core) for _printf_core
    printf6.o(i.__0sprintf$6) refers to printf6.o(i._sputc) for _sputc
    printf6.o(i.__0vfprintf$6) refers to printf6.o(i._printf_core) for _printf_core
    printf6.o(i.__0vfprintf$6) refers to debug.o(.text) for fputc
    printf6.o(i.__0vprintf$6) refers to printf6.o(i._printf_core) for _printf_core
    printf6.o(i.__0vprintf$6) refers to debug.o(.text) for fputc
    printf6.o(i.__0vprintf$6) refers to stdout.o(.data) for __stdout
    printf6.o(i.__0vsnprintf$6) refers to printf6.o(i._printf_core) for _printf_core
    printf6.o(i.__0vsnprintf$6) refers to printf6.o(i._snputc) for _snputc
    printf6.o(i.__0vsprintf$6) refers to printf6.o(i._printf_core) for _printf_core
    printf6.o(i.__0vsprintf$6) refers to printf6.o(i._sputc) for _sputc
    printf6.o(i._printf_core) refers to printf6.o(i._printf_pre_padding) for _printf_pre_padding
    printf6.o(i._printf_core) refers to printf6.o(i._printf_post_padding) for _printf_post_padding
    printf6.o(i._printf_core) refers to uidiv.o(.text) for __aeabi_uidivmod
    printf7.o(i.__0fprintf$7) refers to printf7.o(i._printf_core) for _printf_core
    printf7.o(i.__0fprintf$7) refers to debug.o(.text) for fputc
    printf7.o(i.__0printf$7) refers to printf7.o(i._printf_core) for _printf_core
    printf7.o(i.__0printf$7) refers to debug.o(.text) for fputc
    printf7.o(i.__0printf$7) refers to stdout.o(.data) for __stdout
    printf7.o(i.__0snprintf$7) refers to printf7.o(i._printf_core) for _printf_core
    printf7.o(i.__0snprintf$7) refers to printf7.o(i._snputc) for _snputc
    printf7.o(i.__0sprintf$7) refers to printf7.o(i._printf_core) for _printf_core
    printf7.o(i.__0sprintf$7) refers to printf7.o(i._sputc) for _sputc
    printf7.o(i.__0vfprintf$7) refers to printf7.o(i._printf_core) for _printf_core
    printf7.o(i.__0vfprintf$7) refers to debug.o(.text) for fputc
    printf7.o(i.__0vprintf$7) refers to printf7.o(i._printf_core) for _printf_core
    printf7.o(i.__0vprintf$7) refers to debug.o(.text) for fputc
    printf7.o(i.__0vprintf$7) refers to stdout.o(.data) for __stdout
    printf7.o(i.__0vsnprintf$7) refers to printf7.o(i._printf_core) for _printf_core
    printf7.o(i.__0vsnprintf$7) refers to printf7.o(i._snputc) for _snputc
    printf7.o(i.__0vsprintf$7) refers to printf7.o(i._printf_core) for _printf_core
    printf7.o(i.__0vsprintf$7) refers to printf7.o(i._sputc) for _sputc
    printf7.o(i._printf_core) refers to printf7.o(i._printf_pre_padding) for _printf_pre_padding
    printf7.o(i._printf_core) refers to printf7.o(i._printf_post_padding) for _printf_post_padding
    printf7.o(i._printf_core) refers to uldiv.o(.text) for __aeabi_uldivmod
    printf8.o(i.__0fprintf$8) refers to printf8.o(i._printf_core) for _printf_core
    printf8.o(i.__0fprintf$8) refers to debug.o(.text) for fputc
    printf8.o(i.__0printf$8) refers to printf8.o(i._printf_core) for _printf_core
    printf8.o(i.__0printf$8) refers to debug.o(.text) for fputc
    printf8.o(i.__0printf$8) refers to stdout.o(.data) for __stdout
    printf8.o(i.__0snprintf$8) refers to printf8.o(i._printf_core) for _printf_core
    printf8.o(i.__0snprintf$8) refers to printf8.o(i._snputc) for _snputc
    printf8.o(i.__0sprintf$8) refers to printf8.o(i._printf_core) for _printf_core
    printf8.o(i.__0sprintf$8) refers to printf8.o(i._sputc) for _sputc
    printf8.o(i.__0vfprintf$8) refers to printf8.o(i._printf_core) for _printf_core
    printf8.o(i.__0vfprintf$8) refers to debug.o(.text) for fputc
    printf8.o(i.__0vprintf$8) refers to printf8.o(i._printf_core) for _printf_core
    printf8.o(i.__0vprintf$8) refers to debug.o(.text) for fputc
    printf8.o(i.__0vprintf$8) refers to stdout.o(.data) for __stdout
    printf8.o(i.__0vsnprintf$8) refers to printf8.o(i._printf_core) for _printf_core
    printf8.o(i.__0vsnprintf$8) refers to printf8.o(i._snputc) for _snputc
    printf8.o(i.__0vsprintf$8) refers to printf8.o(i._printf_core) for _printf_core
    printf8.o(i.__0vsprintf$8) refers to printf8.o(i._sputc) for _sputc
    printf8.o(i._printf_core) refers to printf8.o(i._printf_pre_padding) for _printf_pre_padding
    printf8.o(i._printf_core) refers to printf8.o(i._printf_post_padding) for _printf_post_padding
    printf8.o(i._printf_core) refers to uldiv.o(.text) for __aeabi_uldivmod
    printfa.o(i.__0fprintf) refers (Special) to iusefp.o(.text) for __I$use$fp
    printfa.o(i.__0fprintf) refers to printfa.o(i._printf_core) for _printf_core
    printfa.o(i.__0fprintf) refers to debug.o(.text) for fputc
    printfa.o(i.__0printf) refers (Special) to iusefp.o(.text) for __I$use$fp
    printfa.o(i.__0printf) refers to printfa.o(i._printf_core) for _printf_core
    printfa.o(i.__0printf) refers to debug.o(.text) for fputc
    printfa.o(i.__0printf) refers to stdout.o(.data) for __stdout
    printfa.o(i.__0snprintf) refers (Special) to iusefp.o(.text) for __I$use$fp
    printfa.o(i.__0snprintf) refers to printfa.o(i._printf_core) for _printf_core
    printfa.o(i.__0snprintf) refers to printfa.o(i._snputc) for _snputc
    printfa.o(i.__0sprintf) refers (Special) to iusefp.o(.text) for __I$use$fp
    printfa.o(i.__0sprintf) refers to printfa.o(i._printf_core) for _printf_core
    printfa.o(i.__0sprintf) refers to printfa.o(i._sputc) for _sputc
    printfa.o(i.__0vfprintf) refers (Special) to iusefp.o(.text) for __I$use$fp
    printfa.o(i.__0vfprintf) refers to printfa.o(i._printf_core) for _printf_core
    printfa.o(i.__0vfprintf) refers to debug.o(.text) for fputc
    printfa.o(i.__0vprintf) refers (Special) to iusefp.o(.text) for __I$use$fp
    printfa.o(i.__0vprintf) refers to printfa.o(i._printf_core) for _printf_core
    printfa.o(i.__0vprintf) refers to debug.o(.text) for fputc
    printfa.o(i.__0vprintf) refers to stdout.o(.data) for __stdout
    printfa.o(i.__0vsnprintf) refers (Special) to iusefp.o(.text) for __I$use$fp
    printfa.o(i.__0vsnprintf) refers to printfa.o(i._printf_core) for _printf_core
    printfa.o(i.__0vsnprintf) refers to printfa.o(i._snputc) for _snputc
    printfa.o(i.__0vsprintf) refers (Special) to iusefp.o(.text) for __I$use$fp
    printfa.o(i.__0vsprintf) refers to printfa.o(i._printf_core) for _printf_core
    printfa.o(i.__0vsprintf) refers to printfa.o(i._sputc) for _sputc
    printfa.o(i._fp_digits) refers (Special) to iusefp.o(.text) for __I$use$fp
    printfa.o(i._fp_digits) refers to dmul.o(.text) for __aeabi_dmul
    printfa.o(i._fp_digits) refers to ddiv.o(.text) for __aeabi_ddiv
    printfa.o(i._fp_digits) refers to cdrcmple.o(.text) for __aeabi_cdrcmple
    printfa.o(i._fp_digits) refers to dadd.o(.text) for __aeabi_dadd
    printfa.o(i._fp_digits) refers to dfixul.o(.text) for __aeabi_d2ulz
    printfa.o(i._fp_digits) refers to uldiv.o(.text) for __aeabi_uldivmod
    printfa.o(i._printf_core) refers (Special) to iusefp.o(.text) for __I$use$fp
    printfa.o(i._printf_core) refers to printfa.o(i._printf_pre_padding) for _printf_pre_padding
    printfa.o(i._printf_core) refers to uldiv.o(.text) for __aeabi_uldivmod
    printfa.o(i._printf_core) refers to printfa.o(i._printf_post_padding) for _printf_post_padding
    printfa.o(i._printf_core) refers to printfa.o(i._fp_digits) for _fp_digits
    printfa.o(i._printf_core) refers to uidiv.o(.text) for __aeabi_uidivmod
    printfa.o(i._printf_post_padding) refers (Special) to iusefp.o(.text) for __I$use$fp
    printfa.o(i._printf_pre_padding) refers (Special) to iusefp.o(.text) for __I$use$fp
    printfa.o(i._snputc) refers (Special) to iusefp.o(.text) for __I$use$fp
    printfa.o(i._sputc) refers (Special) to iusefp.o(.text) for __I$use$fp
    dadd.o(.text) refers (Special) to iusefp.o(.text) for __I$use$fp
    dadd.o(.text) refers to llshl.o(.text) for __aeabi_llsl
    dadd.o(.text) refers to llsshr.o(.text) for __aeabi_lasr
    dadd.o(.text) refers to depilogue.o(.text) for _double_epilogue
    dmul.o(.text) refers (Special) to iusefp.o(.text) for __I$use$fp
    dmul.o(.text) refers to depilogue.o(.text) for _double_epilogue
    ddiv.o(.text) refers (Special) to iusefp.o(.text) for __I$use$fp
    ddiv.o(.text) refers to depilogue.o(.text) for _double_round
    dflti.o(.text) refers (Special) to iusefp.o(.text) for __I$use$fp
    dflti.o(.text) refers to depilogue.o(.text) for _double_epilogue
    cdcmple.o(.text) refers (Special) to iusefp.o(.text) for __I$use$fp
    dunder.o(i.__mathlib_dbl_underflow) refers to dscalb.o(.text) for __ARM_scalbn
    fpclassify.o(i.__ARM_fpclassify) refers (Special) to iusefp.o(.text) for __I$use$fp
    poly.o(i.__kernel_poly) refers (Special) to iusefp.o(.text) for __I$use$fp
    poly.o(i.__kernel_poly) refers to dmul.o(.text) for __aeabi_dmul
    poly.o(i.__kernel_poly) refers to dadd.o(.text) for __aeabi_dadd
    qnan.o(.constdata) refers (Special) to iusefp.o(.text) for __I$use$fp
    sqrt.o(i.__softfp_sqrt) refers (Special) to iusefp.o(.text) for __I$use$fp
    sqrt.o(i.__softfp_sqrt) refers to dsqrt.o(.text) for _dsqrt
    sqrt.o(i.__softfp_sqrt) refers to errno.o(i.__set_errno) for __set_errno
    sqrt.o(i.sqrt) refers (Special) to iusefp.o(.text) for __I$use$fp
    sqrt.o(i.sqrt) refers to dsqrt.o(.text) for _dsqrt
    sqrt.o(i.sqrt) refers to errno.o(i.__set_errno) for __set_errno
    sqrt_x.o(i.____softfp_sqrt$lsc) refers (Special) to iusefp.o(.text) for __I$use$fp
    sqrt_x.o(i.____softfp_sqrt$lsc) refers to cdcmple.o(.text) for __aeabi_cdcmple
    sqrt_x.o(i.____softfp_sqrt$lsc) refers to errno.o(i.__set_errno) for __set_errno
    sqrt_x.o(i.____softfp_sqrt$lsc) refers to dsqrt.o(.text) for _dsqrt
    sqrt_x.o(i.__sqrt$lsc) refers (Special) to iusefp.o(.text) for __I$use$fp
    sqrt_x.o(i.__sqrt$lsc) refers to cdcmple.o(.text) for __aeabi_cdcmple
    sqrt_x.o(i.__sqrt$lsc) refers to errno.o(i.__set_errno) for __set_errno
    sqrt_x.o(i.__sqrt$lsc) refers to dsqrt.o(.text) for _dsqrt
    entry2.o(.ARM.Collect$$$$00000001) refers to entry2.o(.ARM.Collect$$$$00002712) for __lit__00000000
    entry2.o(.ARM.Collect$$$$00002712) refers to arm_startup_nrf51.o(STACK) for __initial_sp
    entry2.o(__vectab_stack_and_reset_area) refers to arm_startup_nrf51.o(STACK) for __initial_sp
    entry2.o(__vectab_stack_and_reset_area) refers to entry.o(.ARM.Collect$$$$00000000) for __main
    entry5.o(.ARM.Collect$$$$00000004) refers to init.o(.text) for __scatterload
    entry9a.o(.ARM.Collect$$$$0000000B) refers to main.o(.text) for main
    entry9b.o(.ARM.Collect$$$$0000000C) refers to main.o(.text) for main
    uldiv.o(.text) refers to llushr.o(.text) for __aeabi_llsr
    uldiv.o(.text) refers to llshl.o(.text) for __aeabi_llsl
    errno.o(i.__aeabi_errno_addr) refers to errno.o(.data) for .data
    errno.o(i.__read_errno) refers to errno.o(.data) for .data
    errno.o(i.__set_errno) refers to errno.o(.data) for .data
    depilogue.o(.text) refers to depilogue.o(i.__ARM_clz) for __ARM_clz
    depilogue.o(.text) refers to llshl.o(.text) for __aeabi_llsl
    depilogue.o(.text) refers to llushr.o(.text) for __aeabi_llsr
    dfixul.o(.text) refers to llushr.o(.text) for __aeabi_llsr
    dfixul.o(.text) refers to llshl.o(.text) for __aeabi_llsl
    init.o(.text) refers to entry5.o(.ARM.Collect$$$$00000004) for __main_after_scatterload
    dsqrt.o(.text) refers to llushr.o(.text) for __aeabi_llsr
    dsqrt.o(.text) refers to depilogue.o(.text) for _double_round


==============================================================================

Removing Unused input sections from the image.

    Removing arm_startup_nrf51.o(HEAP), (2048 bytes).
    Removing system_nrf51.o(.rev16_text), (4 bytes).
    Removing system_nrf51.o(.revsh_text), (4 bytes).
    Removing main.o(.rev16_text), (4 bytes).
    Removing main.o(.revsh_text), (4 bytes).
    Removing client_handling.o(.rev16_text), (4 bytes).
    Removing client_handling.o(.revsh_text), (4 bytes).
    Removing delay.o(.rev16_text), (4 bytes).
    Removing delay.o(.revsh_text), (4 bytes).
    Removing delay.o(.text), (48 bytes).
    Removing led.o(.rev16_text), (4 bytes).
    Removing led.o(.revsh_text), (4 bytes).
    Removing time.o(.rev16_text), (4 bytes).
    Removing time.o(.revsh_text), (4 bytes).
    Removing ble_srv_common.o(.rev16_text), (4 bytes).
    Removing ble_srv_common.o(.revsh_text), (4 bytes).
    Removing ble_srv_common.o(.text), (140 bytes).
    Removing ble_debug_assert_handler.o(.rev16_text), (4 bytes).
    Removing ble_debug_assert_handler.o(.revsh_text), (4 bytes).
    Removing ble_debug_assert_handler.o(.text), (60 bytes).
    Removing ble_debug_assert_handler.o(.bss), (128 bytes).
    Removing ble_debug_assert_handler.o(.data), (8 bytes).
    Removing softdevice_handler.o(.rev16_text), (4 bytes).
    Removing softdevice_handler.o(.revsh_text), (4 bytes).
    Removing conn_mngr.o(.rev16_text), (4 bytes).
    Removing conn_mngr.o(.revsh_text), (4 bytes).
    Removing debug.o(.rev16_text), (4 bytes).
    Removing debug.o(.revsh_text), (4 bytes).
    Removing simple_uart.o(.rev16_text), (4 bytes).
    Removing simple_uart.o(.revsh_text), (4 bytes).

30 unused section(s) (total 2528 bytes) removed from the image.

==============================================================================

Image Symbol Table

    Local Symbols

    Symbol Name                              Value     Ov Type        Size  Object(Section)

    ../clib/microlib/division.c              0x00000000   Number         0  uldiv.o ABSOLUTE
    ../clib/microlib/division.c              0x00000000   Number         0  uidiv.o ABSOLUTE
    ../clib/microlib/errno.c                 0x00000000   Number         0  errno.o ABSOLUTE
    ../clib/microlib/init/entry.s            0x00000000   Number         0  entry9a.o ABSOLUTE
    ../clib/microlib/init/entry.s            0x00000000   Number         0  entry8a.o ABSOLUTE
    ../clib/microlib/init/entry.s            0x00000000   Number         0  entry8b.o ABSOLUTE
    ../clib/microlib/init/entry.s            0x00000000   Number         0  entry11b.o ABSOLUTE
    ../clib/microlib/init/entry.s            0x00000000   Number         0  entry11a.o ABSOLUTE
    ../clib/microlib/init/entry.s            0x00000000   Number         0  entry10b.o ABSOLUTE
    ../clib/microlib/init/entry.s            0x00000000   Number         0  entry10a.o ABSOLUTE
    ../clib/microlib/init/entry.s            0x00000000   Number         0  entry9b.o ABSOLUTE
    ../clib/microlib/init/entry.s            0x00000000   Number         0  entry7b.o ABSOLUTE
    ../clib/microlib/init/entry.s            0x00000000   Number         0  entry7a.o ABSOLUTE
    ../clib/microlib/init/entry.s            0x00000000   Number         0  entry5.o ABSOLUTE
    ../clib/microlib/init/entry.s            0x00000000   Number         0  entry2.o ABSOLUTE
    ../clib/microlib/init/entry.s            0x00000000   Number         0  entry.o ABSOLUTE
    ../clib/microlib/longlong.c              0x00000000   Number         0  llushr.o ABSOLUTE
    ../clib/microlib/longlong.c              0x00000000   Number         0  llsshr.o ABSOLUTE
    ../clib/microlib/longlong.c              0x00000000   Number         0  llshl.o ABSOLUTE
    ../clib/microlib/printf/printf.c         0x00000000   Number         0  printf1.o ABSOLUTE
    ../clib/microlib/printf/printf.c         0x00000000   Number         0  printf8.o ABSOLUTE
    ../clib/microlib/printf/printf.c         0x00000000   Number         0  printfa.o ABSOLUTE
    ../clib/microlib/printf/printf.c         0x00000000   Number         0  printf4.o ABSOLUTE
    ../clib/microlib/printf/printf.c         0x00000000   Number         0  printf3.o ABSOLUTE
    ../clib/microlib/printf/printf.c         0x00000000   Number         0  printf5.o ABSOLUTE
    ../clib/microlib/printf/printf.c         0x00000000   Number         0  printfb.o ABSOLUTE
    ../clib/microlib/printf/printf.c         0x00000000   Number         0  printf2.o ABSOLUTE
    ../clib/microlib/printf/printf.c         0x00000000   Number         0  printf6.o ABSOLUTE
    ../clib/microlib/printf/printf.c         0x00000000   Number         0  printf7.o ABSOLUTE
    ../clib/microlib/printf/printf.c         0x00000000   Number         0  printf0.o ABSOLUTE
    ../clib/microlib/printf/stubs.s          0x00000000   Number         0  stubs.o ABSOLUTE
    ../clib/microlib/stdio/streams.c         0x00000000   Number         0  stdout.o ABSOLUTE
    ../clib/microlib/string/memcpy.c         0x00000000   Number         0  memcpyb.o ABSOLUTE
    ../clib/microlib/string/memcpy.c         0x00000000   Number         0  memcpya.o ABSOLUTE
    ../clib/microlib/string/strlen.c         0x00000000   Number         0  strlen.o ABSOLUTE
    ../clib/microlib/string/strncpy.c        0x00000000   Number         0  strncpy.o ABSOLUTE
    ../clib/microlib/stubs.s                 0x00000000   Number         0  iusefp.o ABSOLUTE
    ../fplib/microlib/fpadd.c                0x00000000   Number         0  dadd.o ABSOLUTE
    ../fplib/microlib/fpdiv.c                0x00000000   Number         0  ddiv.o ABSOLUTE
    ../fplib/microlib/fpepilogue.c           0x00000000   Number         0  depilogue.o ABSOLUTE
    ../fplib/microlib/fpfix.c                0x00000000   Number         0  dfixul.o ABSOLUTE
    ../fplib/microlib/fpflt.c                0x00000000   Number         0  dflti.o ABSOLUTE
    ../fplib/microlib/fpmul.c                0x00000000   Number         0  dmul.o ABSOLUTE
    ../fplib/microlib/fpscalb.c              0x00000000   Number         0  dscalb.o ABSOLUTE
    ../fplib/microlib/fpsqrt.c               0x00000000   Number         0  dsqrt.o ABSOLUTE
    ../mathlib/dunder.c                      0x00000000   Number         0  dunder.o ABSOLUTE
    ../mathlib/fpclassify.c                  0x00000000   Number         0  fpclassify.o ABSOLUTE
    ../mathlib/poly.c                        0x00000000   Number         0  poly.o ABSOLUTE
    ../mathlib/pow.c                         0x00000000   Number         0  pow_x.o ABSOLUTE
    ../mathlib/pow.c                         0x00000000   Number         0  pow.o ABSOLUTE
    ../mathlib/qnan.c                        0x00000000   Number         0  qnan.o ABSOLUTE
    ../mathlib/sqrt.c                        0x00000000   Number         0  sqrt.o ABSOLUTE
    ../mathlib/sqrt.c                        0x00000000   Number         0  sqrt_x.o ABSOLUTE
    ..\..\..\..\..\..\Source\ble\ble_debug_assert_handler.c 0x00000000   Number         0  ble_debug_assert_handler.o ABSOLUTE
    ..\..\..\..\..\..\Source\ble\ble_services\ble_srv_common.c 0x00000000   Number         0  ble_srv_common.o ABSOLUTE
    ..\..\..\..\..\..\Source\simple_uart\simple_uart.c 0x00000000   Number         0  simple_uart.o ABSOLUTE
    ..\..\..\..\..\..\Source\templates\arm\arm_startup_nrf51.s 0x00000000   Number         0  arm_startup_nrf51.o ABSOLUTE
    ..\..\..\..\..\..\Source\templates\system_nrf51.c 0x00000000   Number         0  system_nrf51.o ABSOLUTE
    ..\..\..\..\..\..\lp\delay.c             0x00000000   Number         0  delay.o ABSOLUTE
    ..\..\..\..\..\..\lp\led.c               0x00000000   Number         0  led.o ABSOLUTE
    ..\..\..\..\..\..\lp\time.c              0x00000000   Number         0  time.o ABSOLUTE
    ..\..\common\conn_mngr.c                 0x00000000   Number         0  conn_mngr.o ABSOLUTE
    ..\..\common\debug.c                     0x00000000   Number         0  debug.o ABSOLUTE
    ..\..\common\softdevice_handler.c        0x00000000   Number         0  softdevice_handler.o ABSOLUTE
    ..\\..\\..\\..\\..\\..\\Source\\ble\\ble_debug_assert_handler.c 0x00000000   Number         0  ble_debug_assert_handler.o ABSOLUTE
    ..\\..\\..\\..\\..\\..\\Source\\ble\\ble_services\\ble_srv_common.c 0x00000000   Number         0  ble_srv_common.o ABSOLUTE
    ..\\..\\..\\..\\..\\..\\Source\\simple_uart\\simple_uart.c 0x00000000   Number         0  simple_uart.o ABSOLUTE
    ..\\..\\..\\..\\..\\..\\Source\\templates\\system_nrf51.c 0x00000000   Number         0  system_nrf51.o ABSOLUTE
    ..\\..\\..\\..\\..\\..\\lp\\delay.c      0x00000000   Number         0  delay.o ABSOLUTE
    ..\\..\\..\\..\\..\\..\\lp\\led.c        0x00000000   Number         0  led.o ABSOLUTE
    ..\\..\\..\\..\\..\\..\\lp\\time.c       0x00000000   Number         0  time.o ABSOLUTE
    ..\\..\\common\\conn_mngr.c              0x00000000   Number         0  conn_mngr.o ABSOLUTE
    ..\\..\\common\\debug.c                  0x00000000   Number         0  debug.o ABSOLUTE
    ..\\..\\common\\softdevice_handler.c     0x00000000   Number         0  softdevice_handler.o ABSOLUTE
    ..\\client_handling.c                    0x00000000   Number         0  client_handling.o ABSOLUTE
    ..\\main.c                               0x00000000   Number         0  main.o ABSOLUTE
    ..\client_handling.c                     0x00000000   Number         0  client_handling.o ABSOLUTE
    ..\main.c                                0x00000000   Number         0  main.o ABSOLUTE
    cdcmple.s                                0x00000000   Number         0  cdcmple.o ABSOLUTE
    cdrcmple.s                               0x00000000   Number         0  cdrcmple.o ABSOLUTE
    dc.s                                     0x00000000   Number         0  dc.o ABSOLUTE
    handlers.s                               0x00000000   Number         0  handlers.o ABSOLUTE
    init.s                                   0x00000000   Number         0  init.o ABSOLUTE
    RESET                                    0x00018000   Section      192  arm_startup_nrf51.o(RESET)
    .ARM.Collect$$$$00000000                 0x000180c0   Section        0  entry.o(.ARM.Collect$$$$00000000)
    .ARM.Collect$$$$00000001                 0x000180c0   Section        4  entry2.o(.ARM.Collect$$$$00000001)
    .ARM.Collect$$$$00000004                 0x000180c4   Section        4  entry5.o(.ARM.Collect$$$$00000004)
    .ARM.Collect$$$$00000008                 0x000180c8   Section        0  entry7b.o(.ARM.Collect$$$$00000008)
    .ARM.Collect$$$$0000000A                 0x000180c8   Section        0  entry8b.o(.ARM.Collect$$$$0000000A)
    .ARM.Collect$$$$0000000B                 0x000180c8   Section        8  entry9a.o(.ARM.Collect$$$$0000000B)
    .ARM.Collect$$$$0000000D                 0x000180d0   Section        0  entry10a.o(.ARM.Collect$$$$0000000D)
    .ARM.Collect$$$$0000000F                 0x000180d0   Section        0  entry11a.o(.ARM.Collect$$$$0000000F)
    .ARM.Collect$$$$00002712                 0x000180d0   Section        4  entry2.o(.ARM.Collect$$$$00002712)
    __lit__00000000                          0x000180d0   Data           4  entry2.o(.ARM.Collect$$$$00002712)
    .emb_text                                0x000180d4   Section       30  simple_uart.o(.emb_text)
    .text                                    0x000180f4   Section       44  arm_startup_nrf51.o(.text)
    .text                                    0x00018120   Section        0  system_nrf51.o(.text)
    is_disabled_in_debug_needed              0x00018129   Thumb Code    52  system_nrf51.o(.text)
    is_manual_peripheral_setup_needed        0x0001815d   Thumb Code   104  system_nrf51.o(.text)
    .text                                    0x00018208   Section        0  main.o(.text)
    ble_evt_dispatch                         0x000182cb   Thumb Code    24  main.o(.text)
    ble_stack_init                           0x000182e3   Thumb Code    74  main.o(.text)
    connection_manager_init                  0x0001832d   Thumb Code    66  main.o(.text)
    connection_manager_start                 0x0001836f   Thumb Code    32  main.o(.text)
    power_manage                             0x0001838f   Thumb Code    30  main.o(.text)
    .text                                    0x0001847c   Section        0  client_handling.o(.text)
    client_find                              0x0001847d   Thumb Code    36  client_handling.o(.text)
    service_discover                         0x000184a1   Thumb Code    58  client_handling.o(.text)
    char_discover                            0x000184db   Thumb Code    44  client_handling.o(.text)
    descr_discover                           0x00018507   Thumb Code    44  client_handling.o(.text)
    notif_enable                             0x00018533   Thumb Code    70  client_handling.o(.text)
    on_evt_prim_srvc_disc_rsp                0x00018579   Thumb Code   132  client_handling.o(.text)
    on_evt_char_disc_rsp                     0x000185fd   Thumb Code   182  client_handling.o(.text)
    on_evt_desc_disc_rsp                     0x000186b3   Thumb Code   138  client_handling.o(.text)
    on_evt_write_rsp                         0x0001873d   Thumb Code    42  client_handling.o(.text)
    on_evt_hvx                               0x00018767   Thumb Code    84  client_handling.o(.text)
    on_evt_timeout                           0x000187bb   Thumb Code    58  client_handling.o(.text)
    .text                                    0x00018994   Section        0  led.o(.text)
    nrf_gpio_cfg_output                      0x000189e1   Thumb Code    18  led.o(.text)
    nrf_gpio_pin_set                         0x000189f3   Thumb Code    10  led.o(.text)
    nrf_gpio_pin_clear                       0x000189fd   Thumb Code    10  led.o(.text)
    nrf_gpio_pin_toggle                      0x00018a07   Thumb Code    16  led.o(.text)
    .text                                    0x00018a1c   Section        0  time.o(.text)
    NVIC_SetPriority                         0x00018aa1   Thumb Code   110  time.o(.text)
    .text                                    0x00018b34   Section        0  softdevice_handler.o(.text)
    .text                                    0x00018d28   Section        0  conn_mngr.o(.text)
    app_inst_init                            0x00018d29   Thumb Code    22  conn_mngr.o(.text)
    cnxn_inst_init                           0x00018d3f   Thumb Code    26  conn_mngr.o(.text)
    cnxn_inst_find                           0x00018d59   Thumb Code    52  conn_mngr.o(.text)
    cnxn_inst_free                           0x00018d8d   Thumb Code    34  conn_mngr.o(.text)
    scan_start                               0x00018f7f   Thumb Code    46  conn_mngr.o(.text)
    scan_stop                                0x00018fad   Thumb Code    44  conn_mngr.o(.text)
    calculateAccuracy                        0x000193c7   Thumb Code   144  conn_mngr.o(.text)
    app_evt_notify                           0x00019a4f   Thumb Code    22  conn_mngr.o(.text)
    app_no_param_evt_notify                  0x00019a65   Thumb Code    30  conn_mngr.o(.text)
    .text                                    0x00019b30   Section        0  debug.o(.text)
    .text                                    0x00019b54   Section        0  simple_uart.o(.text)
    nrf_gpio_cfg_output                      0x00019c3b   Thumb Code    18  simple_uart.o(.text)
    nrf_gpio_cfg_input                       0x00019c4d   Thumb Code    20  simple_uart.o(.text)
    .text                                    0x00019c70   Section        0  memcpya.o(.text)
    .text                                    0x00019c94   Section        0  dadd.o(.text)
    .text                                    0x00019df8   Section        0  dmul.o(.text)
    .text                                    0x00019ec8   Section        0  ddiv.o(.text)
    .text                                    0x00019fb8   Section        0  dflti.o(.text)
    .text                                    0x00019fe0   Section       40  cdcmple.o(.text)
    .text                                    0x0001a008   Section        0  uidiv.o(.text)
    .text                                    0x0001a034   Section        0  uldiv.o(.text)
    .text                                    0x0001a094   Section        0  llshl.o(.text)
    .text                                    0x0001a0b4   Section        0  llsshr.o(.text)
    .text                                    0x0001a0da   Section        0  iusefp.o(.text)
    .text                                    0x0001a0da   Section        0  depilogue.o(.text)
    .text                                    0x0001a198   Section        0  dscalb.o(.text)
    .text                                    0x0001a1c4   Section        0  dfixul.o(.text)
    .text                                    0x0001a204   Section       40  cdrcmple.o(.text)
    .text                                    0x0001a22c   Section       36  init.o(.text)
    .text                                    0x0001a250   Section        0  llushr.o(.text)
    .text                                    0x0001a272   Section        0  dsqrt.o(.text)
    i.__0printf                              0x0001a314   Section        0  printfa.o(i.__0printf)
    i.__ARM_clz                              0x0001a334   Section        0  depilogue.o(i.__ARM_clz)
    i.__ARM_common_switch8                   0x0001a362   Section        0  client_handling.o(i.__ARM_common_switch8)
    i.__ARM_fpclassify                       0x0001a380   Section        0  fpclassify.o(i.__ARM_fpclassify)
    i.__kernel_poly                          0x0001a3ac   Section        0  poly.o(i.__kernel_poly)
    i.__mathlib_dbl_underflow                0x0001a458   Section        0  dunder.o(i.__mathlib_dbl_underflow)
    i.__scatterload_copy                     0x0001a46c   Section       14  handlers.o(i.__scatterload_copy)
    i.__scatterload_null                     0x0001a47a   Section        2  handlers.o(i.__scatterload_null)
    i.__scatterload_zeroinit                 0x0001a47c   Section       14  handlers.o(i.__scatterload_zeroinit)
    i.__set_errno                            0x0001a48c   Section        0  errno.o(i.__set_errno)
    i._fp_digits                             0x0001a498   Section        0  printfa.o(i._fp_digits)
    _fp_digits                               0x0001a499   Thumb Code   316  printfa.o(i._fp_digits)
    i._printf_core                           0x0001a5f0   Section        0  printfa.o(i._printf_core)
    _printf_core                             0x0001a5f1   Thumb Code  1754  printfa.o(i._printf_core)
    i._printf_post_padding                   0x0001acdc   Section        0  printfa.o(i._printf_post_padding)
    _printf_post_padding                     0x0001acdd   Thumb Code    32  printfa.o(i._printf_post_padding)
    i._printf_pre_padding                    0x0001acfc   Section        0  printfa.o(i._printf_pre_padding)
    _printf_pre_padding                      0x0001acfd   Thumb Code    44  printfa.o(i._printf_pre_padding)
    i.pow                                    0x0001ad28   Section        0  pow.o(i.pow)
    i.sqrt                                   0x0001b710   Section        0  sqrt.o(i.sqrt)
    .constdata                               0x0001b758   Section       16  client_handling.o(.constdata)
    .constdata                               0x0001b768   Section       24  conn_mngr.o(.constdata)
    m_scan_param                             0x0001b768   Data          16  conn_mngr.o(.constdata)
    m_cnxn_param                             0x0001b778   Data           8  conn_mngr.o(.constdata)
    .constdata                               0x0001b780   Section      136  pow.o(.constdata)
    bp                                       0x0001b780   Data          16  pow.o(.constdata)
    dp_h                                     0x0001b790   Data          16  pow.o(.constdata)
    dp_l                                     0x0001b7a0   Data          16  pow.o(.constdata)
    L                                        0x0001b7b0   Data          48  pow.o(.constdata)
    P                                        0x0001b7e0   Data          40  pow.o(.constdata)
    .constdata                               0x0001b808   Section        8  qnan.o(.constdata)
    .conststring                             0x0001b810   Section       65  main.o(.conststring)
    .conststring                             0x0001b854   Section      137  conn_mngr.o(.conststring)
    .data                                    0x20002800   Section        4  system_nrf51.o(.data)
    __tagsym$$used                           0x20002800   Number         0  system_nrf51.o(.data)
    .data                                    0x20002804   Section        4  main.o(.data)
    .data                                    0x20002808   Section        2  client_handling.o(.data)
    m_client_count                           0x20002808   Data           1  client_handling.o(.data)
    m_base_uuid_type                         0x20002809   Data           1  client_handling.o(.data)
    .data                                    0x2000280c   Section       20  softdevice_handler.o(.data)
    m_evt_schedule_func                      0x2000280c   Data           4  softdevice_handler.o(.data)
    m_evt_buffer                             0x20002810   Data           4  softdevice_handler.o(.data)
    m_ble_evt_buffer_size                    0x20002814   Data           2  softdevice_handler.o(.data)
    m_softdevice_enabled                     0x20002816   Data           1  softdevice_handler.o(.data)
    m_ble_evt_handler                        0x20002818   Data           4  softdevice_handler.o(.data)
    m_sys_evt_handler                        0x2000281c   Data           4  softdevice_handler.o(.data)
    .data                                    0x20002820   Section        9  conn_mngr.o(.data)
    m_app_table                              0x20002820   Data           8  conn_mngr.o(.data)
    m_module_initialized                     0x20002828   Data           1  conn_mngr.o(.data)
    .data                                    0x2000282c   Section        4  stdout.o(.data)
    .data                                    0x20002830   Section        4  errno.o(.data)
    _errno                                   0x20002830   Data           4  errno.o(.data)
    .bss                                     0x20002834   Section       72  main.o(.bss)
    EVT_BUFFER                               0x20002834   Data          72  main.o(.bss)
    .bss                                     0x2000287c   Section      288  client_handling.o(.bss)
    m_client                                 0x2000287c   Data         288  client_handling.o(.bss)
    .bss                                     0x2000299c   Section       64  conn_mngr.o(.bss)
    m_cnxn_inst_table                        0x2000299c   Data          64  conn_mngr.o(.bss)
    STACK                                    0x200029e0   Section     2048  arm_startup_nrf51.o(STACK)

    Global Symbols

    Symbol Name                              Value     Ov Type        Size  Object(Section)

    BuildAttributes$$THM_ISAv3M$S$PE$A:L22$X:L11$S22$IEEE1$IW$USESV6$~STKCKD$USESV7$ENUMINT$~SHL$OTIME$ROPI$IEEEX$EBA8$MICROLIB$REQ8$PRES8$EABIv2 0x00000000   Number         0  anon$$obj.o ABSOLUTE
    __ARM_use_no_argv                        0x00000000   Number         0  main.o ABSOLUTE
    _printf_a                                0x00000000   Number         0  stubs.o ABSOLUTE
    _printf_c                                0x00000000   Number         0  stubs.o ABSOLUTE
    _printf_charcount                        0x00000000   Number         0  stubs.o ABSOLUTE
    _printf_d                                0x00000000   Number         0  stubs.o ABSOLUTE
    _printf_e                                0x00000000   Number         0  stubs.o ABSOLUTE
    _printf_f                                0x00000000   Number         0  stubs.o ABSOLUTE
    _printf_flags                            0x00000000   Number         0  stubs.o ABSOLUTE
    _printf_fp_dec                           0x00000000   Number         0  stubs.o ABSOLUTE
    _printf_fp_hex                           0x00000000   Number         0  stubs.o ABSOLUTE
    _printf_g                                0x00000000   Number         0  stubs.o ABSOLUTE
    _printf_i                                0x00000000   Number         0  stubs.o ABSOLUTE
    _printf_int_dec                          0x00000000   Number         0  stubs.o ABSOLUTE
    _printf_l                                0x00000000   Number         0  stubs.o ABSOLUTE
    _printf_lc                               0x00000000   Number         0  stubs.o ABSOLUTE
    _printf_ll                               0x00000000   Number         0  stubs.o ABSOLUTE
    _printf_lld                              0x00000000   Number         0  stubs.o ABSOLUTE
    _printf_lli                              0x00000000   Number         0  stubs.o ABSOLUTE
    _printf_llo                              0x00000000   Number         0  stubs.o ABSOLUTE
    _printf_llu                              0x00000000   Number         0  stubs.o ABSOLUTE
    _printf_llx                              0x00000000   Number         0  stubs.o ABSOLUTE
    _printf_longlong_dec                     0x00000000   Number         0  stubs.o ABSOLUTE
    _printf_longlong_hex                     0x00000000   Number         0  stubs.o ABSOLUTE
    _printf_longlong_oct                     0x00000000   Number         0  stubs.o ABSOLUTE
    _printf_ls                               0x00000000   Number         0  stubs.o ABSOLUTE
    _printf_mbtowc                           0x00000000   Number         0  stubs.o ABSOLUTE
    _printf_n                                0x00000000   Number         0  stubs.o ABSOLUTE
    _printf_o                                0x00000000   Number         0  stubs.o ABSOLUTE
    _printf_p                                0x00000000   Number         0  stubs.o ABSOLUTE
    _printf_percent                          0x00000000   Number         0  stubs.o ABSOLUTE
    _printf_pre_padding                      0x00000000   Number         0  stubs.o ABSOLUTE
    _printf_return_value                     0x00000000   Number         0  stubs.o ABSOLUTE
    _printf_s                                0x00000000   Number         0  stubs.o ABSOLUTE
    _printf_sizespec                         0x00000000   Number         0  stubs.o ABSOLUTE
    _printf_str                              0x00000000   Number         0  stubs.o ABSOLUTE
    _printf_truncate_signed                  0x00000000   Number         0  stubs.o ABSOLUTE
    _printf_truncate_unsigned                0x00000000   Number         0  stubs.o ABSOLUTE
    _printf_u                                0x00000000   Number         0  stubs.o ABSOLUTE
    _printf_wc                               0x00000000   Number         0  stubs.o ABSOLUTE
    _printf_wctomb                           0x00000000   Number         0  stubs.o ABSOLUTE
    _printf_widthprec                        0x00000000   Number         0  stubs.o ABSOLUTE
    _printf_x                                0x00000000   Number         0  stubs.o ABSOLUTE
    __cpp_initialize__aeabi_                  - Undefined Weak Reference
    __cxa_finalize                            - Undefined Weak Reference
    __decompress                              - Undefined Weak Reference
    _clock_init                               - Undefined Weak Reference
    _microlib_exit                            - Undefined Weak Reference
    __Vectors_Size                           0x000000c0   Number         0  arm_startup_nrf51.o ABSOLUTE
    __Vectors                                0x00018000   Data           4  arm_startup_nrf51.o(RESET)
    __Vectors_End                            0x000180c0   Data           0  arm_startup_nrf51.o(RESET)
    __main                                   0x000180c1   Thumb Code     0  entry.o(.ARM.Collect$$$$00000000)
    _main_stk                                0x000180c1   Thumb Code     0  entry2.o(.ARM.Collect$$$$00000001)
    _main_scatterload                        0x000180c5   Thumb Code     0  entry5.o(.ARM.Collect$$$$00000004)
    __main_after_scatterload                 0x000180c9   Thumb Code     0  entry5.o(.ARM.Collect$$$$00000004)
    _main_clock                              0x000180c9   Thumb Code     0  entry7b.o(.ARM.Collect$$$$00000008)
    _main_cpp_init                           0x000180c9   Thumb Code     0  entry8b.o(.ARM.Collect$$$$0000000A)
    _main_init                               0x000180c9   Thumb Code     0  entry9a.o(.ARM.Collect$$$$0000000B)
    __rt_final_cpp                           0x000180d1   Thumb Code     0  entry10a.o(.ARM.Collect$$$$0000000D)
    __rt_final_exit                          0x000180d1   Thumb Code     0  entry11a.o(.ARM.Collect$$$$0000000F)
    __asm___13_simple_uart_c_5dda6715__nrf_delay_us 0x000180d5   Thumb Code    30  simple_uart.o(.emb_text)
    Reset_Handler                            0x000180f5   Thumb Code    18  arm_startup_nrf51.o(.text)
    NMI_Handler                              0x00018107   Thumb Code     2  arm_startup_nrf51.o(.text)
    HardFault_Handler                        0x00018109   Thumb Code     2  arm_startup_nrf51.o(.text)
    SVC_Handler                              0x0001810b   Thumb Code     2  arm_startup_nrf51.o(.text)
    PendSV_Handler                           0x0001810d   Thumb Code     2  arm_startup_nrf51.o(.text)
    SysTick_Handler                          0x0001810f   Thumb Code     2  arm_startup_nrf51.o(.text)
    ADC_IRQHandler                           0x00018111   Thumb Code     0  arm_startup_nrf51.o(.text)
    CCM_AAR_IRQHandler                       0x00018111   Thumb Code     0  arm_startup_nrf51.o(.text)
    ECB_IRQHandler                           0x00018111   Thumb Code     0  arm_startup_nrf51.o(.text)
    GPIOTE_IRQHandler                        0x00018111   Thumb Code     0  arm_startup_nrf51.o(.text)
    LPCOMP_COMP_IRQHandler                   0x00018111   Thumb Code     0  arm_startup_nrf51.o(.text)
    POWER_CLOCK_IRQHandler                   0x00018111   Thumb Code     0  arm_startup_nrf51.o(.text)
    QDEC_IRQHandler                          0x00018111   Thumb Code     0  arm_startup_nrf51.o(.text)
    RADIO_IRQHandler                         0x00018111   Thumb Code     0  arm_startup_nrf51.o(.text)
    RNG_IRQHandler                           0x00018111   Thumb Code     0  arm_startup_nrf51.o(.text)
    RTC0_IRQHandler                          0x00018111   Thumb Code     0  arm_startup_nrf51.o(.text)
    RTC1_IRQHandler                          0x00018111   Thumb Code     0  arm_startup_nrf51.o(.text)
    SPI0_TWI0_IRQHandler                     0x00018111   Thumb Code     0  arm_startup_nrf51.o(.text)
    SPI1_TWI1_IRQHandler                     0x00018111   Thumb Code     0  arm_startup_nrf51.o(.text)
    SWI0_IRQHandler                          0x00018111   Thumb Code     0  arm_startup_nrf51.o(.text)
    SWI1_IRQHandler                          0x00018111   Thumb Code     0  arm_startup_nrf51.o(.text)
    SWI3_IRQHandler                          0x00018111   Thumb Code     0  arm_startup_nrf51.o(.text)
    SWI4_IRQHandler                          0x00018111   Thumb Code     0  arm_startup_nrf51.o(.text)
    SWI5_IRQHandler                          0x00018111   Thumb Code     0  arm_startup_nrf51.o(.text)
    TEMP_IRQHandler                          0x00018111   Thumb Code     0  arm_startup_nrf51.o(.text)
    TIMER0_IRQHandler                        0x00018111   Thumb Code     0  arm_startup_nrf51.o(.text)
    TIMER1_IRQHandler                        0x00018111   Thumb Code     0  arm_startup_nrf51.o(.text)
    UART0_IRQHandler                         0x00018111   Thumb Code     0  arm_startup_nrf51.o(.text)
    WDT_IRQHandler                           0x00018111   Thumb Code     0  arm_startup_nrf51.o(.text)
    SystemCoreClockUpdate                    0x00018121   Thumb Code     8  system_nrf51.o(.text)
    SystemInit                               0x000181c5   Thumb Code    38  system_nrf51.o(.text)
    app_error_handler                        0x00018209   Thumb Code    52  main.o(.text)
    assert_nrf_callback                      0x0001823d   Thumb Code    14  main.o(.text)
    connection_manager_event_handler         0x0001824b   Thumb Code   128  main.o(.text)
    main                                     0x000183ad   Thumb Code    42  main.o(.text)
    client_ble_evt_handler                   0x000187f5   Thumb Code    80  client_handling.o(.text)
    client_init                              0x00018845   Thumb Code   172  client_handling.o(.text)
    client_count                             0x000188f1   Thumb Code     6  client_handling.o(.text)
    client_create                            0x000188f7   Thumb Code   100  client_handling.o(.text)
    client_destroy                           0x0001895b   Thumb Code    50  client_handling.o(.text)
    led_init                                 0x00018995   Thumb Code    16  led.o(.text)
    LED1_Open                                0x000189a5   Thumb Code    10  led.o(.text)
    LED1_Close                               0x000189af   Thumb Code    10  led.o(.text)
    LED1_Toggle                              0x000189b9   Thumb Code    10  led.o(.text)
    LED2_Open                                0x000189c3   Thumb Code    10  led.o(.text)
    LED2_Close                               0x000189cd   Thumb Code    10  led.o(.text)
    LED2_Toggle                              0x000189d7   Thumb Code    10  led.o(.text)
    time1_init                               0x00018a1d   Thumb Code    76  time.o(.text)
    TIMER2_IRQHandler                        0x00018a69   Thumb Code    56  time.o(.text)
    softdevice_assertion_handler             0x00018b35   Thumb Code    18  softdevice_handler.o(.text)
    intern_softdevice_events_execute         0x00018b47   Thumb Code   174  softdevice_handler.o(.text)
    softdevice_handler_init                  0x00018bf5   Thumb Code    84  softdevice_handler.o(.text)
    softdevice_handler_sd_disable            0x00018c49   Thumb Code    24  softdevice_handler.o(.text)
    softdevice_ble_evt_handler_set           0x00018c61   Thumb Code    18  softdevice_handler.o(.text)
    softdevice_sys_evt_handler_set           0x00018c73   Thumb Code    18  softdevice_handler.o(.text)
    SWI2_IRQHandler                          0x00018c85   Thumb Code    52  softdevice_handler.o(.text)
    adv_report_parse                         0x00018daf   Thumb Code   464  conn_mngr.o(.text)
    conn_mngr_init                           0x00018fd9   Thumb Code    44  conn_mngr.o(.text)
    conn_mngr_register                       0x00019005   Thumb Code    82  conn_mngr.o(.text)
    conn_mngr_start                          0x00019057   Thumb Code    46  conn_mngr.o(.text)
    conn_mngr_disconnect                     0x00019085   Thumb Code    96  conn_mngr.o(.text)
    conn_mngr_app_context_set                0x000190e5   Thumb Code   652  conn_mngr.o(.text)
    conn_mngr_app_context_get                0x00019371   Thumb Code    86  conn_mngr.o(.text)
    conn_mngr_ble_evt_handler                0x00019457   Thumb Code  1528  conn_mngr.o(.text)
    debug_init                               0x00019b31   Thumb Code    20  debug.o(.text)
    fputc                                    0x00019b45   Thumb Code    16  debug.o(.text)
    simple_uart_get                          0x00019b55   Thumb Code    24  simple_uart.o(.text)
    simple_uart_get_with_timeout             0x00019b6d   Thumb Code    62  simple_uart.o(.text)
    simple_uart_put                          0x00019bab   Thumb Code    22  simple_uart.o(.text)
    simple_uart_putstring                    0x00019bc1   Thumb Code    32  simple_uart.o(.text)
    simple_uart_config                       0x00019be1   Thumb Code    90  simple_uart.o(.text)
    __aeabi_memcpy                           0x00019c71   Thumb Code    36  memcpya.o(.text)
    __aeabi_memcpy4                          0x00019c71   Thumb Code     0  memcpya.o(.text)
    __aeabi_memcpy8                          0x00019c71   Thumb Code     0  memcpya.o(.text)
    __aeabi_dadd                             0x00019c95   Thumb Code   328  dadd.o(.text)
    __aeabi_dsub                             0x00019ddd   Thumb Code    12  dadd.o(.text)
    __aeabi_drsub                            0x00019de9   Thumb Code    12  dadd.o(.text)
    __aeabi_dmul                             0x00019df9   Thumb Code   202  dmul.o(.text)
    __aeabi_ddiv                             0x00019ec9   Thumb Code   234  ddiv.o(.text)
    __aeabi_i2d                              0x00019fb9   Thumb Code    34  dflti.o(.text)
    __aeabi_cdcmpeq                          0x00019fe1   Thumb Code     0  cdcmple.o(.text)
    __aeabi_cdcmple                          0x00019fe1   Thumb Code    38  cdcmple.o(.text)
    __aeabi_uidiv                            0x0001a009   Thumb Code     0  uidiv.o(.text)
    __aeabi_uidivmod                         0x0001a009   Thumb Code    44  uidiv.o(.text)
    __aeabi_uldivmod                         0x0001a035   Thumb Code    96  uldiv.o(.text)
    __aeabi_llsl                             0x0001a095   Thumb Code    32  llshl.o(.text)
    _ll_shift_l                              0x0001a095   Thumb Code     0  llshl.o(.text)
    __aeabi_lasr                             0x0001a0b5   Thumb Code    38  llsshr.o(.text)
    _ll_sshift_r                             0x0001a0b5   Thumb Code     0  llsshr.o(.text)
    __I$use$fp                               0x0001a0db   Thumb Code     0  iusefp.o(.text)
    _double_round                            0x0001a0db   Thumb Code    26  depilogue.o(.text)
    _double_epilogue                         0x0001a0f5   Thumb Code   164  depilogue.o(.text)
    __ARM_scalbn                             0x0001a199   Thumb Code    44  dscalb.o(.text)
    scalbn                                   0x0001a199   Thumb Code     0  dscalb.o(.text)
    __aeabi_d2ulz                            0x0001a1c5   Thumb Code    54  dfixul.o(.text)
    __aeabi_cdrcmple                         0x0001a205   Thumb Code    38  cdrcmple.o(.text)
    __scatterload                            0x0001a22d   Thumb Code    28  init.o(.text)
    __scatterload_rt2                        0x0001a22d   Thumb Code     0  init.o(.text)
    __aeabi_llsr                             0x0001a251   Thumb Code    34  llushr.o(.text)
    _ll_ushift_r                             0x0001a251   Thumb Code     0  llushr.o(.text)
    _dsqrt                                   0x0001a273   Thumb Code   162  dsqrt.o(.text)
    __0printf                                0x0001a315   Thumb Code    24  printfa.o(i.__0printf)
    __1printf                                0x0001a315   Thumb Code     0  printfa.o(i.__0printf)
    __2printf                                0x0001a315   Thumb Code     0  printfa.o(i.__0printf)
    __c89printf                              0x0001a315   Thumb Code     0  printfa.o(i.__0printf)
    printf                                   0x0001a315   Thumb Code     0  printfa.o(i.__0printf)
    __ARM_clz                                0x0001a335   Thumb Code    46  depilogue.o(i.__ARM_clz)
    __ARM_common_switch8                     0x0001a363   Thumb Code    28  client_handling.o(i.__ARM_common_switch8)
    __ARM_fpclassify                         0x0001a381   Thumb Code    40  fpclassify.o(i.__ARM_fpclassify)
    __kernel_poly                            0x0001a3ad   Thumb Code   172  poly.o(i.__kernel_poly)
    __mathlib_dbl_underflow                  0x0001a459   Thumb Code    14  dunder.o(i.__mathlib_dbl_underflow)
    __scatterload_copy                       0x0001a46d   Thumb Code    14  handlers.o(i.__scatterload_copy)
    __scatterload_null                       0x0001a47b   Thumb Code     2  handlers.o(i.__scatterload_null)
    __scatterload_zeroinit                   0x0001a47d   Thumb Code    14  handlers.o(i.__scatterload_zeroinit)
    __set_errno                              0x0001a48d   Thumb Code     6  errno.o(i.__set_errno)
    pow                                      0x0001ad29   Thumb Code  2526  pow.o(i.pow)
    sqrt                                     0x0001b711   Thumb Code    66  sqrt.o(i.sqrt)
    __mathlib_zero                           0x0001b808   Data           8  qnan.o(.constdata)
    Region$$Table$$Base                      0x0001b8e0   Number         0  anon$$obj.o(Region$$Table)
    Region$$Table$$Limit                     0x0001b900   Number         0  anon$$obj.o(Region$$Table)
    SystemCoreClock                          0x20002800   Data           4  system_nrf51.o(.data)
    tc_tick                                  0x20002804   Data           4  main.o(.data)
    __stdout                                 0x2000282c   Data           4  stdout.o(.data)
    __initial_sp                             0x200031e0   Data           0  arm_startup_nrf51.o(STACK)



==============================================================================

Memory Map of the image

  Image Entry point : 0x000180c1

  Load Region LR_IROM1 (Base: 0x00018000, Size: 0x00003934, Max: 0x00027000, ABSOLUTE)

    Execution Region ER_IROM1 (Base: 0x00018000, Size: 0x00003900, Max: 0x00027000, ABSOLUTE)

    Base Addr    Size         Type   Attr      Idx    E Section Name        Object

    0x00018000   0x000000c0   Data   RO            3    RESET               arm_startup_nrf51.o
    0x000180c0   0x00000000   Code   RO          622  * .ARM.Collect$$$$00000000  mc_p.l(entry.o)
    0x000180c0   0x00000004   Code   RO          919    .ARM.Collect$$$$00000001  mc_p.l(entry2.o)
    0x000180c4   0x00000004   Code   RO          922    .ARM.Collect$$$$00000004  mc_p.l(entry5.o)
    0x000180c8   0x00000000   Code   RO          924    .ARM.Collect$$$$00000008  mc_p.l(entry7b.o)
    0x000180c8   0x00000000   Code   RO          926    .ARM.Collect$$$$0000000A  mc_p.l(entry8b.o)
    0x000180c8   0x00000008   Code   RO          927    .ARM.Collect$$$$0000000B  mc_p.l(entry9a.o)
    0x000180d0   0x00000000   Code   RO          929    .ARM.Collect$$$$0000000D  mc_p.l(entry10a.o)
    0x000180d0   0x00000000   Code   RO          931    .ARM.Collect$$$$0000000F  mc_p.l(entry11a.o)
    0x000180d0   0x00000004   Code   RO          920    .ARM.Collect$$$$00002712  mc_p.l(entry2.o)
    0x000180d4   0x0000001e   Code   RO          584    .emb_text           simple_uart.o
    0x000180f2   0x00000002   PAD
    0x000180f4   0x0000002c   Code   RO            4    .text               arm_startup_nrf51.o
    0x00018120   0x000000e8   Code   RO           12    .text               system_nrf51.o
    0x00018208   0x00000274   Code   RO           69    .text               main.o
    0x0001847c   0x00000518   Code   RO          225    .text               client_handling.o
    0x00018994   0x00000088   Code   RO          308    .text               led.o
    0x00018a1c   0x00000118   Code   RO          331    .text               time.o
    0x00018b34   0x000001f4   Code   RO          433    .text               softdevice_handler.o
    0x00018d28   0x00000e08   Code   RO          501    .text               conn_mngr.o
    0x00019b30   0x00000024   Code   RO          549    .text               debug.o
    0x00019b54   0x0000011c   Code   RO          585    .text               simple_uart.o
    0x00019c70   0x00000024   Code   RO          625    .text               mc_p.l(memcpya.o)
    0x00019c94   0x00000164   Code   RO          894    .text               mf_p.l(dadd.o)
    0x00019df8   0x000000d0   Code   RO          896    .text               mf_p.l(dmul.o)
    0x00019ec8   0x000000f0   Code   RO          898    .text               mf_p.l(ddiv.o)
    0x00019fb8   0x00000028   Code   RO          900    .text               mf_p.l(dflti.o)
    0x00019fe0   0x00000028   Code   RO          902    .text               mf_p.l(cdcmple.o)
    0x0001a008   0x0000002c   Code   RO          934    .text               mc_p.l(uidiv.o)
    0x0001a034   0x00000060   Code   RO          936    .text               mc_p.l(uldiv.o)
    0x0001a094   0x00000020   Code   RO          938    .text               mc_p.l(llshl.o)
    0x0001a0b4   0x00000026   Code   RO          940    .text               mc_p.l(llsshr.o)
    0x0001a0da   0x00000000   Code   RO          949    .text               mc_p.l(iusefp.o)
    0x0001a0da   0x000000be   Code   RO          950    .text               mf_p.l(depilogue.o)
    0x0001a198   0x0000002c   Code   RO          954    .text               mf_p.l(dscalb.o)
    0x0001a1c4   0x00000040   Code   RO          956    .text               mf_p.l(dfixul.o)
    0x0001a204   0x00000028   Code   RO          958    .text               mf_p.l(cdrcmple.o)
    0x0001a22c   0x00000024   Code   RO          960    .text               mc_p.l(init.o)
    0x0001a250   0x00000022   Code   RO          962    .text               mc_p.l(llushr.o)
    0x0001a272   0x000000a2   Code   RO          964    .text               mf_p.l(dsqrt.o)
    0x0001a314   0x00000020   Code   RO          866    i.__0printf         mc_p.l(printfa.o)
    0x0001a334   0x0000002e   Code   RO          952    i.__ARM_clz         mf_p.l(depilogue.o)
    0x0001a362   0x0000001c   Code   RO          244    i.__ARM_common_switch8  client_handling.o
    0x0001a37e   0x00000002   PAD
    0x0001a380   0x0000002c   Code   RO          906    i.__ARM_fpclassify  m_ps.l(fpclassify.o)
    0x0001a3ac   0x000000ac   Code   RO          908    i.__kernel_poly     m_ps.l(poly.o)
    0x0001a458   0x00000014   Code   RO          904    i.__mathlib_dbl_underflow  m_ps.l(dunder.o)
    0x0001a46c   0x0000000e   Code   RO          968    i.__scatterload_copy  mc_p.l(handlers.o)
    0x0001a47a   0x00000002   Code   RO          969    i.__scatterload_null  mc_p.l(handlers.o)
    0x0001a47c   0x0000000e   Code   RO          970    i.__scatterload_zeroinit  mc_p.l(handlers.o)
    0x0001a48a   0x00000002   PAD
    0x0001a48c   0x0000000c   Code   RO          944    i.__set_errno       mc_p.l(errno.o)
    0x0001a498   0x00000158   Code   RO          873    i._fp_digits        mc_p.l(printfa.o)
    0x0001a5f0   0x000006ec   Code   RO          874    i._printf_core      mc_p.l(printfa.o)
    0x0001acdc   0x00000020   Code   RO          875    i._printf_post_padding  mc_p.l(printfa.o)
    0x0001acfc   0x0000002c   Code   RO          876    i._printf_pre_padding  mc_p.l(printfa.o)
    0x0001ad28   0x000009e8   Code   RO          613    i.pow               m_ps.l(pow.o)
    0x0001b710   0x00000048   Code   RO          912    i.sqrt              m_ps.l(sqrt.o)
    0x0001b758   0x00000010   Data   RO          227    .constdata          client_handling.o
    0x0001b768   0x00000018   Data   RO          503    .constdata          conn_mngr.o
    0x0001b780   0x00000088   Data   RO          614    .constdata          m_ps.l(pow.o)
    0x0001b808   0x00000008   Data   RO          910    .constdata          m_ps.l(qnan.o)
    0x0001b810   0x00000041   Data   RO           71    .conststring        main.o
    0x0001b851   0x00000003   PAD
    0x0001b854   0x00000089   Data   RO          504    .conststring        conn_mngr.o
    0x0001b8dd   0x00000003   PAD
    0x0001b8e0   0x00000020   Data   RO          966    Region$$Table       anon$$obj.o


    Execution Region RW_IRAM1 (Base: 0x20002800, Size: 0x000009e0, Max: 0x00001800, ABSOLUTE)

    Base Addr    Size         Type   Attr      Idx    E Section Name        Object

    0x20002800   0x00000004   Data   RW           13    .data               system_nrf51.o
    0x20002804   0x00000004   Data   RW           72    .data               main.o
    0x20002808   0x00000002   Data   RW          228    .data               client_handling.o
    0x2000280a   0x00000002   PAD
    0x2000280c   0x00000014   Data   RW          434    .data               softdevice_handler.o
    0x20002820   0x00000009   Data   RW          505    .data               conn_mngr.o
    0x20002829   0x00000003   PAD
    0x2000282c   0x00000004   Data   RW          933    .data               mc_p.l(stdout.o)
    0x20002830   0x00000004   Data   RW          945    .data               mc_p.l(errno.o)
    0x20002834   0x00000048   Zero   RW           70    .bss                main.o
    0x2000287c   0x00000120   Zero   RW          226    .bss                client_handling.o
    0x2000299c   0x00000040   Zero   RW          502    .bss                conn_mngr.o
    0x200029dc   0x00000004   PAD
    0x200029e0   0x00000800   Zero   RW            1    STACK               arm_startup_nrf51.o


==============================================================================

Image component sizes


      Code (inc. data)   RO Data    RW Data    ZI Data      Debug   Object Name

        44         14        192          0       2048        748   arm_startup_nrf51.o
         0          0          0          0          0      13512   ble_srv_common.o
      1332         68         16          2        288      36951   client_handling.o
      3592       1348        161          9         64      10672   conn_mngr.o
        36          0          0          0          0        671   debug.o
       136          6          0          0          0       3609   led.o
       628        166         65          4         72      60220   main.o
       314         16          0          0          0       5064   simple_uart.o
       500        112          0         20          0      21496   softdevice_handler.o
       232         30          0          4          0      22125   system_nrf51.o
       280         38          0          0          0       6747   time.o

    ----------------------------------------------------------------------
      7098       1798        472         44       2476     181815   Object Totals
         0          0         32          0          0          0   (incl. Generated)
         4          0          6          5          4          0   (incl. Padding)

    ----------------------------------------------------------------------

      Code (inc. data)   RO Data    RW Data    ZI Data      Debug   Library Member Name

        20          6          0          0          0         68   dunder.o
        44          4          0          0          0         60   fpclassify.o
       172          0          0          0          0         76   poly.o
      2536        224        136          0          0        216   pow.o
         0          0          8          0          0          0   qnan.o
        72          6          0          0          0         76   sqrt.o
         0          0          0          0          0          0   entry.o
         0          0          0          0          0          0   entry10a.o
         0          0          0          0          0          0   entry11a.o
         8          4          0          0          0          0   entry2.o
         4          0          0          0          0          0   entry5.o
         0          0          0          0          0          0   entry7b.o
         0          0          0          0          0          0   entry8b.o
         8          4          0          0          0          0   entry9a.o
        12          6          0          4          0         60   errno.o
        30          0          0          0          0          0   handlers.o
        36          8          0          0          0         68   init.o
         0          0          0          0          0          0   iusefp.o
        32          0          0          0          0         68   llshl.o
        38          0          0          0          0         68   llsshr.o
        34          0          0          0          0         68   llushr.o
        36          0          0          0          0         60   memcpya.o
      2224         98          0          0          0        412   printfa.o
         0          0          0          4          0          0   stdout.o
        44          0          0          0          0         72   uidiv.o
        96          0          0          0          0         84   uldiv.o
        40          2          0          0          0         68   cdcmple.o
        40          2          0          0          0         68   cdrcmple.o
       356          4          0          0          0        140   dadd.o
       240          6          0          0          0         84   ddiv.o
       236          0          0          0          0        216   depilogue.o
        64         10          0          0          0         68   dfixul.o
        40          6          0          0          0         68   dflti.o
       208          6          0          0          0         88   dmul.o
        44          0          0          0          0         72   dscalb.o
       162          0          0          0          0         80   dsqrt.o

    ----------------------------------------------------------------------
      6878        396        144          8          0       2408   Library Totals
         2          0          0          0          0          0   (incl. Padding)

    ----------------------------------------------------------------------

      Code (inc. data)   RO Data    RW Data    ZI Data      Debug   Library Name

      2844        240        144          0          0        496   m_ps.l
      2602        120          0          8          0        960   mc_p.l
      1430         36          0          0          0        952   mf_p.l

    ----------------------------------------------------------------------
      6878        396        144          8          0       2408   Library Totals

    ----------------------------------------------------------------------

==============================================================================


      Code (inc. data)   RO Data    RW Data    ZI Data      Debug   

     13976       2194        616         52       2476     182635   Grand Totals
     13976       2194        616         52       2476     182635   ELF Image Totals
     13976       2194        616         52          0          0   ROM Totals

==============================================================================

    Total RO  Size (Code + RO Data)                14592 (  14.25kB)
    Total RW  Size (RW Data + ZI Data)              2528 (   2.47kB)
    Total ROM Size (Code + RO Data + RW Data)      14644 (  14.30kB)

==============================================================================

