Product: MDK-ARM Standard 5.10
Component: ARM Compiler 5.04 update 1 (build 49)
Tool: armlink [5040049]

==============================================================================

Section Cross References

    arm_startup_nrf51.o(RESET) refers to arm_startup_nrf51.o(STACK) for __initial_sp
    arm_startup_nrf51.o(RESET) refers to arm_startup_nrf51.o(.text) for Reset_Handler
    arm_startup_nrf51.o(RESET) refers to uart.o(.text) for UART0_IRQHandler
    arm_startup_nrf51.o(RESET) refers to time.o(.text) for TIMER2_IRQHandler
    arm_startup_nrf51.o(RESET) refers to softdevice_handler.o(.text) for SWI2_IRQHandler
    arm_startup_nrf51.o(.text) refers to system_nrf51.o(.text) for SystemInit
    arm_startup_nrf51.o(.text) refers to entry.o(.ARM.Collect$$$$00000000) for __main
    system_nrf51.o(.text) refers to system_nrf51.o(.data) for SystemCoreClock
    main.o(.text) refers to client_handling.o(.text) for client_create
    main.o(.text) refers to conn_mngr.o(.text) for conn_mngr_ble_evt_handler
    main.o(.text) refers to softdevice_handler.o(.text) for softdevice_handler_init
    main.o(.text) refers to uart.o(.text) for USART_Configuration
    main.o(.text) refers to led.o(.text) for led_init
    main.o(.text) refers to time.o(.text) for time1_init
    main.o(.text) refers to main.o(.bss) for EVT_BUFFER
    client_handling.o(.text) refers to main.o(.text) for app_error_handler
    client_handling.o(.text) refers to memcpya.o(.text) for __aeabi_memcpy
    client_handling.o(.text) refers to client_handling.o(i.__ARM_common_switch8) for __ARM_common_switch8
    client_handling.o(.text) refers to client_handling.o(.bss) for m_client
    client_handling.o(.text) refers to client_handling.o(.data) for m_base_uuid_type
    client_handling.o(.text) refers to client_handling.o(.constdata) for .constdata
    client_handling.o(.text) refers to conn_mngr.o(.text) for conn_mngr_app_context_set
    time.o(.text) refers to led.o(.text) for LED1_Toggle
    time.o(.text) refers to main.o(.data) for tc_tick
    uart.o(.text) refers to simple_uart.o(.text) for simple_uart_config
    uart.o(.text) refers to pro_slip.o(.text) for data_packet_send
    uart.o(.text) refers to uart.o(.data) for data_array
    pro_slip.o(.text) refers to simple_uart.o(.text) for simple_uart_put
    ble_srv_common.o(.text) refers to main.o(.text) for app_error_handler
    ble_srv_common.o(.text) refers to strlen.o(.text) for strlen
    ble_debug_assert_handler.o(.text) refers to strncpy.o(.text) for strncpy
    ble_debug_assert_handler.o(.text) refers to ble_debug_assert_handler.o(.bss) for s_file_name
    ble_debug_assert_handler.o(.text) refers to ble_debug_assert_handler.o(.data) for s_line_num
    softdevice_handler.o(.text) refers to main.o(.text) for assert_nrf_callback
    softdevice_handler.o(.text) refers to softdevice_handler.o(.data) for m_softdevice_enabled
    conn_mngr.o(.text) refers to memcpya.o(.text) for __aeabi_memcpy
    conn_mngr.o(.text) refers to uart.o(.text) for uart_data_handler
    conn_mngr.o(.text) refers to cdcmple.o(.text) for __aeabi_cdcmpeq
    conn_mngr.o(.text) refers to dflti.o(.text) for __aeabi_i2d
    conn_mngr.o(.text) refers to dmul.o(.text) for __aeabi_dmul
    conn_mngr.o(.text) refers to ddiv.o(.text) for __aeabi_ddiv
    conn_mngr.o(.text) refers to pow.o(i.pow) for pow
    conn_mngr.o(.text) refers to conn_mngr.o(.data) for m_app_table
    conn_mngr.o(.text) refers to conn_mngr.o(.bss) for m_cnxn_inst_table
    conn_mngr.o(.text) refers to conn_mngr.o(.constdata) for m_scan_param
    conn_mngr.o(.text) refers to dadd.o(.text) for __aeabi_dadd
    debug.o(.text) refers to simple_uart.o(.text) for simple_uart_config
    simple_uart.o(.text) refers to simple_uart.o(.emb_text) for __asm___13_simple_uart_c_5dda6715__nrf_delay_us
    pow.o(i.__softfp_pow) refers (Special) to iusefp.o(.text) for __I$use$fp
    pow.o(i.__softfp_pow) refers to pow.o(i.pow) for pow
    pow.o(i.pow) refers (Special) to iusefp.o(.text) for __I$use$fp
    pow.o(i.pow) refers to dadd.o(.text) for __aeabi_dadd
    pow.o(i.pow) refers to errno.o(i.__set_errno) for __set_errno
    pow.o(i.pow) refers to ddiv.o(.text) for __aeabi_ddiv
    pow.o(i.pow) refers to sqrt.o(i.sqrt) for sqrt
    pow.o(i.pow) refers to dscalb.o(.text) for __ARM_scalbn
    pow.o(i.pow) refers to dunder.o(i.__mathlib_dbl_underflow) for __mathlib_dbl_underflow
    pow.o(i.pow) refers to dmul.o(.text) for __aeabi_dmul
    pow.o(i.pow) refers to qnan.o(.constdata) for __mathlib_zero
    pow.o(i.pow) refers to pow.o(.constdata) for .constdata
    pow.o(i.pow) refers to poly.o(i.__kernel_poly) for __kernel_poly
    pow.o(i.pow) refers to dflti.o(.text) for __aeabi_i2d
    pow.o(i.pow) refers to cdrcmple.o(.text) for __aeabi_cdrcmple
    pow.o(i.pow) refers to fpclassify.o(i.__ARM_fpclassify) for __ARM_fpclassify
    pow.o(.constdata) refers (Special) to iusefp.o(.text) for __I$use$fp
    pow_x.o(i.____softfp_pow$lsc) refers (Special) to iusefp.o(.text) for __I$use$fp
    pow_x.o(i.____softfp_pow$lsc) refers to pow_x.o(i.__pow$lsc) for __pow$lsc
    pow_x.o(i.__pow$lsc) refers (Special) to iusefp.o(.text) for __I$use$fp
    pow_x.o(i.__pow$lsc) refers to dadd.o(.text) for __aeabi_dadd
    pow_x.o(i.__pow$lsc) refers to errno.o(i.__set_errno) for __set_errno
    pow_x.o(i.__pow$lsc) refers to ddiv.o(.text) for __aeabi_ddiv
    pow_x.o(i.__pow$lsc) refers to sqrt.o(i.sqrt) for sqrt
    pow_x.o(i.__pow$lsc) refers to dflti.o(.text) for __aeabi_i2d
    pow_x.o(i.__pow$lsc) refers to dscalb.o(.text) for __ARM_scalbn
    pow_x.o(i.__pow$lsc) refers to dmul.o(.text) for __aeabi_dmul
    pow_x.o(i.__pow$lsc) refers to qnan.o(.constdata) for __mathlib_zero
    pow_x.o(i.__pow$lsc) refers to poly.o(i.__kernel_poly) for __kernel_poly
    pow_x.o(i.__pow$lsc) refers to cdrcmple.o(.text) for __aeabi_cdrcmple
    pow_x.o(i.__pow$lsc) refers to pow_x.o(.constdata) for .constdata
    pow_x.o(.constdata) refers (Special) to iusefp.o(.text) for __I$use$fp
    entry.o(.ARM.Collect$$$$00000000) refers (Special) to entry10a.o(.ARM.Collect$$$$0000000D) for __rt_final_cpp
    entry.o(.ARM.Collect$$$$00000000) refers (Special) to entry11a.o(.ARM.Collect$$$$0000000F) for __rt_final_exit
    entry.o(.ARM.Collect$$$$00000000) refers (Special) to entry7b.o(.ARM.Collect$$$$00000008) for _main_clock
    entry.o(.ARM.Collect$$$$00000000) refers (Special) to entry8b.o(.ARM.Collect$$$$0000000A) for _main_cpp_init
    entry.o(.ARM.Collect$$$$00000000) refers (Special) to entry9a.o(.ARM.Collect$$$$0000000B) for _main_init
    entry.o(.ARM.Collect$$$$00000000) refers (Special) to entry5.o(.ARM.Collect$$$$00000004) for _main_scatterload
    entry.o(.ARM.Collect$$$$00000000) refers (Special) to entry2.o(.ARM.Collect$$$$00000001) for _main_stk
    dadd.o(.text) refers (Special) to iusefp.o(.text) for __I$use$fp
    dadd.o(.text) refers to llshl.o(.text) for __aeabi_llsl
    dadd.o(.text) refers to llsshr.o(.text) for __aeabi_lasr
    dadd.o(.text) refers to depilogue.o(.text) for _double_epilogue
    dmul.o(.text) refers (Special) to iusefp.o(.text) for __I$use$fp
    dmul.o(.text) refers to depilogue.o(.text) for _double_epilogue
    ddiv.o(.text) refers (Special) to iusefp.o(.text) for __I$use$fp
    ddiv.o(.text) refers to depilogue.o(.text) for _double_round
    dflti.o(.text) refers (Special) to iusefp.o(.text) for __I$use$fp
    dflti.o(.text) refers to depilogue.o(.text) for _double_epilogue
    cdcmple.o(.text) refers (Special) to iusefp.o(.text) for __I$use$fp
    dunder.o(i.__mathlib_dbl_underflow) refers to dscalb.o(.text) for __ARM_scalbn
    fpclassify.o(i.__ARM_fpclassify) refers (Special) to iusefp.o(.text) for __I$use$fp
    poly.o(i.__kernel_poly) refers (Special) to iusefp.o(.text) for __I$use$fp
    poly.o(i.__kernel_poly) refers to dmul.o(.text) for __aeabi_dmul
    poly.o(i.__kernel_poly) refers to dadd.o(.text) for __aeabi_dadd
    qnan.o(.constdata) refers (Special) to iusefp.o(.text) for __I$use$fp
    sqrt.o(i.__softfp_sqrt) refers (Special) to iusefp.o(.text) for __I$use$fp
    sqrt.o(i.__softfp_sqrt) refers to dsqrt.o(.text) for _dsqrt
    sqrt.o(i.__softfp_sqrt) refers to errno.o(i.__set_errno) for __set_errno
    sqrt.o(i.sqrt) refers (Special) to iusefp.o(.text) for __I$use$fp
    sqrt.o(i.sqrt) refers to dsqrt.o(.text) for _dsqrt
    sqrt.o(i.sqrt) refers to errno.o(i.__set_errno) for __set_errno
    sqrt_x.o(i.____softfp_sqrt$lsc) refers (Special) to iusefp.o(.text) for __I$use$fp
    sqrt_x.o(i.____softfp_sqrt$lsc) refers to cdcmple.o(.text) for __aeabi_cdcmple
    sqrt_x.o(i.____softfp_sqrt$lsc) refers to errno.o(i.__set_errno) for __set_errno
    sqrt_x.o(i.____softfp_sqrt$lsc) refers to dsqrt.o(.text) for _dsqrt
    sqrt_x.o(i.__sqrt$lsc) refers (Special) to iusefp.o(.text) for __I$use$fp
    sqrt_x.o(i.__sqrt$lsc) refers to cdcmple.o(.text) for __aeabi_cdcmple
    sqrt_x.o(i.__sqrt$lsc) refers to errno.o(i.__set_errno) for __set_errno
    sqrt_x.o(i.__sqrt$lsc) refers to dsqrt.o(.text) for _dsqrt
    entry2.o(.ARM.Collect$$$$00000001) refers to entry2.o(.ARM.Collect$$$$00002712) for __lit__00000000
    entry2.o(.ARM.Collect$$$$00002712) refers to arm_startup_nrf51.o(STACK) for __initial_sp
    entry2.o(__vectab_stack_and_reset_area) refers to arm_startup_nrf51.o(STACK) for __initial_sp
    entry2.o(__vectab_stack_and_reset_area) refers to entry.o(.ARM.Collect$$$$00000000) for __main
    entry5.o(.ARM.Collect$$$$00000004) refers to init.o(.text) for __scatterload
    entry9a.o(.ARM.Collect$$$$0000000B) refers to main.o(.text) for main
    entry9b.o(.ARM.Collect$$$$0000000C) refers to main.o(.text) for main
    errno.o(i.__aeabi_errno_addr) refers to errno.o(.data) for .data
    errno.o(i.__read_errno) refers to errno.o(.data) for .data
    errno.o(i.__set_errno) refers to errno.o(.data) for .data
    depilogue.o(.text) refers to depilogue.o(i.__ARM_clz) for __ARM_clz
    depilogue.o(.text) refers to llshl.o(.text) for __aeabi_llsl
    depilogue.o(.text) refers to llushr.o(.text) for __aeabi_llsr
    init.o(.text) refers to entry5.o(.ARM.Collect$$$$00000004) for __main_after_scatterload
    dsqrt.o(.text) refers to llushr.o(.text) for __aeabi_llsr
    dsqrt.o(.text) refers to depilogue.o(.text) for _double_round


==============================================================================

Removing Unused input sections from the image.

    Removing arm_startup_nrf51.o(HEAP), (2048 bytes).
    Removing system_nrf51.o(.rev16_text), (4 bytes).
    Removing system_nrf51.o(.revsh_text), (4 bytes).
    Removing main.o(.rev16_text), (4 bytes).
    Removing main.o(.revsh_text), (4 bytes).
    Removing client_handling.o(.rev16_text), (4 bytes).
    Removing client_handling.o(.revsh_text), (4 bytes).
    Removing delay.o(.rev16_text), (4 bytes).
    Removing delay.o(.revsh_text), (4 bytes).
    Removing delay.o(.text), (48 bytes).
    Removing led.o(.rev16_text), (4 bytes).
    Removing led.o(.revsh_text), (4 bytes).
    Removing time.o(.rev16_text), (4 bytes).
    Removing time.o(.revsh_text), (4 bytes).
    Removing uart.o(.rev16_text), (4 bytes).
    Removing uart.o(.revsh_text), (4 bytes).
    Removing ble_srv_common.o(.rev16_text), (4 bytes).
    Removing ble_srv_common.o(.revsh_text), (4 bytes).
    Removing ble_srv_common.o(.text), (140 bytes).
    Removing ble_debug_assert_handler.o(.rev16_text), (4 bytes).
    Removing ble_debug_assert_handler.o(.revsh_text), (4 bytes).
    Removing ble_debug_assert_handler.o(.text), (60 bytes).
    Removing ble_debug_assert_handler.o(.bss), (128 bytes).
    Removing ble_debug_assert_handler.o(.data), (8 bytes).
    Removing softdevice_handler.o(.rev16_text), (4 bytes).
    Removing softdevice_handler.o(.revsh_text), (4 bytes).
    Removing conn_mngr.o(.rev16_text), (4 bytes).
    Removing conn_mngr.o(.revsh_text), (4 bytes).
    Removing debug.o(.rev16_text), (4 bytes).
    Removing debug.o(.revsh_text), (4 bytes).
    Removing debug.o(.text), (36 bytes).
    Removing simple_uart.o(.rev16_text), (4 bytes).
    Removing simple_uart.o(.revsh_text), (4 bytes).

33 unused section(s) (total 2572 bytes) removed from the image.

==============================================================================

Image Symbol Table

    Local Symbols

    Symbol Name                              Value     Ov Type        Size  Object(Section)

    ../clib/microlib/errno.c                 0x00000000   Number         0  errno.o ABSOLUTE
    ../clib/microlib/init/entry.s            0x00000000   Number         0  entry8a.o ABSOLUTE
    ../clib/microlib/init/entry.s            0x00000000   Number         0  entry5.o ABSOLUTE
    ../clib/microlib/init/entry.s            0x00000000   Number         0  entry8b.o ABSOLUTE
    ../clib/microlib/init/entry.s            0x00000000   Number         0  entry7b.o ABSOLUTE
    ../clib/microlib/init/entry.s            0x00000000   Number         0  entry.o ABSOLUTE
    ../clib/microlib/init/entry.s            0x00000000   Number         0  entry11b.o ABSOLUTE
    ../clib/microlib/init/entry.s            0x00000000   Number         0  entry2.o ABSOLUTE
    ../clib/microlib/init/entry.s            0x00000000   Number         0  entry11a.o ABSOLUTE
    ../clib/microlib/init/entry.s            0x00000000   Number         0  entry10b.o ABSOLUTE
    ../clib/microlib/init/entry.s            0x00000000   Number         0  entry10a.o ABSOLUTE
    ../clib/microlib/init/entry.s            0x00000000   Number         0  entry9b.o ABSOLUTE
    ../clib/microlib/init/entry.s            0x00000000   Number         0  entry7a.o ABSOLUTE
    ../clib/microlib/init/entry.s            0x00000000   Number         0  entry9a.o ABSOLUTE
    ../clib/microlib/longlong.c              0x00000000   Number         0  llsshr.o ABSOLUTE
    ../clib/microlib/longlong.c              0x00000000   Number         0  llushr.o ABSOLUTE
    ../clib/microlib/longlong.c              0x00000000   Number         0  llshl.o ABSOLUTE
    ../clib/microlib/string/memcpy.c         0x00000000   Number         0  memcpyb.o ABSOLUTE
    ../clib/microlib/string/memcpy.c         0x00000000   Number         0  memcpya.o ABSOLUTE
    ../clib/microlib/string/strlen.c         0x00000000   Number         0  strlen.o ABSOLUTE
    ../clib/microlib/string/strncpy.c        0x00000000   Number         0  strncpy.o ABSOLUTE
    ../clib/microlib/stubs.s                 0x00000000   Number         0  iusefp.o ABSOLUTE
    ../fplib/microlib/fpadd.c                0x00000000   Number         0  dadd.o ABSOLUTE
    ../fplib/microlib/fpdiv.c                0x00000000   Number         0  ddiv.o ABSOLUTE
    ../fplib/microlib/fpepilogue.c           0x00000000   Number         0  depilogue.o ABSOLUTE
    ../fplib/microlib/fpflt.c                0x00000000   Number         0  dflti.o ABSOLUTE
    ../fplib/microlib/fpmul.c                0x00000000   Number         0  dmul.o ABSOLUTE
    ../fplib/microlib/fpscalb.c              0x00000000   Number         0  dscalb.o ABSOLUTE
    ../fplib/microlib/fpsqrt.c               0x00000000   Number         0  dsqrt.o ABSOLUTE
    ../mathlib/dunder.c                      0x00000000   Number         0  dunder.o ABSOLUTE
    ../mathlib/fpclassify.c                  0x00000000   Number         0  fpclassify.o ABSOLUTE
    ../mathlib/poly.c                        0x00000000   Number         0  poly.o ABSOLUTE
    ../mathlib/pow.c                         0x00000000   Number         0  pow.o ABSOLUTE
    ../mathlib/pow.c                         0x00000000   Number         0  pow_x.o ABSOLUTE
    ../mathlib/qnan.c                        0x00000000   Number         0  qnan.o ABSOLUTE
    ../mathlib/sqrt.c                        0x00000000   Number         0  sqrt.o ABSOLUTE
    ../mathlib/sqrt.c                        0x00000000   Number         0  sqrt_x.o ABSOLUTE
    ..\..\..\..\..\..\Source\ble\ble_debug_assert_handler.c 0x00000000   Number         0  ble_debug_assert_handler.o ABSOLUTE
    ..\..\..\..\..\..\Source\ble\ble_services\ble_srv_common.c 0x00000000   Number         0  ble_srv_common.o ABSOLUTE
    ..\..\..\..\..\..\Source\simple_uart\simple_uart.c 0x00000000   Number         0  simple_uart.o ABSOLUTE
    ..\..\..\..\..\..\Source\templates\arm\arm_startup_nrf51.s 0x00000000   Number         0  arm_startup_nrf51.o ABSOLUTE
    ..\..\..\..\..\..\Source\templates\system_nrf51.c 0x00000000   Number         0  system_nrf51.o ABSOLUTE
    ..\..\..\..\..\..\lp\delay.c             0x00000000   Number         0  delay.o ABSOLUTE
    ..\..\..\..\..\..\lp\led.c               0x00000000   Number         0  led.o ABSOLUTE
    ..\..\..\..\..\..\lp\protocol\pro_slip.c 0x00000000   Number         0  pro_slip.o ABSOLUTE
    ..\..\..\..\..\..\lp\time.c              0x00000000   Number         0  time.o ABSOLUTE
    ..\..\..\..\..\..\lp\uart.c              0x00000000   Number         0  uart.o ABSOLUTE
    ..\..\common\conn_mngr.c                 0x00000000   Number         0  conn_mngr.o ABSOLUTE
    ..\..\common\debug.c                     0x00000000   Number         0  debug.o ABSOLUTE
    ..\..\common\softdevice_handler.c        0x00000000   Number         0  softdevice_handler.o ABSOLUTE
    ..\\..\\..\\..\\..\\..\\Source\\ble\\ble_debug_assert_handler.c 0x00000000   Number         0  ble_debug_assert_handler.o ABSOLUTE
    ..\\..\\..\\..\\..\\..\\Source\\ble\\ble_services\\ble_srv_common.c 0x00000000   Number         0  ble_srv_common.o ABSOLUTE
    ..\\..\\..\\..\\..\\..\\Source\\simple_uart\\simple_uart.c 0x00000000   Number         0  simple_uart.o ABSOLUTE
    ..\\..\\..\\..\\..\\..\\Source\\templates\\system_nrf51.c 0x00000000   Number         0  system_nrf51.o ABSOLUTE
    ..\\..\\..\\..\\..\\..\\lp\\delay.c      0x00000000   Number         0  delay.o ABSOLUTE
    ..\\..\\..\\..\\..\\..\\lp\\led.c        0x00000000   Number         0  led.o ABSOLUTE
    ..\\..\\..\\..\\..\\..\\lp\\time.c       0x00000000   Number         0  time.o ABSOLUTE
    ..\\..\\..\\..\\..\\..\\lp\\uart.c       0x00000000   Number         0  uart.o ABSOLUTE
    ..\\..\\common\\conn_mngr.c              0x00000000   Number         0  conn_mngr.o ABSOLUTE
    ..\\..\\common\\debug.c                  0x00000000   Number         0  debug.o ABSOLUTE
    ..\\..\\common\\softdevice_handler.c     0x00000000   Number         0  softdevice_handler.o ABSOLUTE
    ..\\client_handling.c                    0x00000000   Number         0  client_handling.o ABSOLUTE
    ..\\main.c                               0x00000000   Number         0  main.o ABSOLUTE
    ..\client_handling.c                     0x00000000   Number         0  client_handling.o ABSOLUTE
    ..\main.c                                0x00000000   Number         0  main.o ABSOLUTE
    cdcmple.s                                0x00000000   Number         0  cdcmple.o ABSOLUTE
    cdrcmple.s                               0x00000000   Number         0  cdrcmple.o ABSOLUTE
    dc.s                                     0x00000000   Number         0  dc.o ABSOLUTE
    handlers.s                               0x00000000   Number         0  handlers.o ABSOLUTE
    init.s                                   0x00000000   Number         0  init.o ABSOLUTE
    RESET                                    0x00018000   Section      192  arm_startup_nrf51.o(RESET)
    .ARM.Collect$$$$00000000                 0x000180c0   Section        0  entry.o(.ARM.Collect$$$$00000000)
    .ARM.Collect$$$$00000001                 0x000180c0   Section        4  entry2.o(.ARM.Collect$$$$00000001)
    .ARM.Collect$$$$00000004                 0x000180c4   Section        4  entry5.o(.ARM.Collect$$$$00000004)
    .ARM.Collect$$$$00000008                 0x000180c8   Section        0  entry7b.o(.ARM.Collect$$$$00000008)
    .ARM.Collect$$$$0000000A                 0x000180c8   Section        0  entry8b.o(.ARM.Collect$$$$0000000A)
    .ARM.Collect$$$$0000000B                 0x000180c8   Section        8  entry9a.o(.ARM.Collect$$$$0000000B)
    .ARM.Collect$$$$0000000D                 0x000180d0   Section        0  entry10a.o(.ARM.Collect$$$$0000000D)
    .ARM.Collect$$$$0000000F                 0x000180d0   Section        0  entry11a.o(.ARM.Collect$$$$0000000F)
    .ARM.Collect$$$$00002712                 0x000180d0   Section        4  entry2.o(.ARM.Collect$$$$00002712)
    __lit__00000000                          0x000180d0   Data           4  entry2.o(.ARM.Collect$$$$00002712)
    .emb_text                                0x000180d4   Section       30  simple_uart.o(.emb_text)
    .text                                    0x000180f4   Section       44  arm_startup_nrf51.o(.text)
    .text                                    0x00018120   Section        0  system_nrf51.o(.text)
    is_disabled_in_debug_needed              0x00018129   Thumb Code    52  system_nrf51.o(.text)
    is_manual_peripheral_setup_needed        0x0001815d   Thumb Code   104  system_nrf51.o(.text)
    .text                                    0x00018208   Section        0  main.o(.text)
    ble_evt_dispatch                         0x00018293   Thumb Code    18  main.o(.text)
    ble_stack_init                           0x000182a5   Thumb Code    74  main.o(.text)
    connection_manager_init                  0x000182ef   Thumb Code    66  main.o(.text)
    connection_manager_start                 0x00018331   Thumb Code    32  main.o(.text)
    power_manage                             0x00018351   Thumb Code    30  main.o(.text)
    .text                                    0x000183bc   Section        0  client_handling.o(.text)
    client_find                              0x000183bd   Thumb Code    36  client_handling.o(.text)
    service_discover                         0x000183e1   Thumb Code    58  client_handling.o(.text)
    char_discover                            0x0001841b   Thumb Code    44  client_handling.o(.text)
    descr_discover                           0x00018447   Thumb Code    44  client_handling.o(.text)
    notif_enable                             0x00018473   Thumb Code    70  client_handling.o(.text)
    on_evt_prim_srvc_disc_rsp                0x000184b9   Thumb Code   132  client_handling.o(.text)
    on_evt_char_disc_rsp                     0x0001853d   Thumb Code   182  client_handling.o(.text)
    on_evt_desc_disc_rsp                     0x000185f3   Thumb Code   138  client_handling.o(.text)
    on_evt_write_rsp                         0x0001867d   Thumb Code    42  client_handling.o(.text)
    on_evt_hvx                               0x000186a7   Thumb Code    84  client_handling.o(.text)
    on_evt_timeout                           0x000186fb   Thumb Code    58  client_handling.o(.text)
    .text                                    0x000188d4   Section        0  led.o(.text)
    nrf_gpio_cfg_output                      0x00018921   Thumb Code    18  led.o(.text)
    nrf_gpio_pin_set                         0x00018933   Thumb Code    10  led.o(.text)
    nrf_gpio_pin_clear                       0x0001893d   Thumb Code    10  led.o(.text)
    nrf_gpio_pin_toggle                      0x00018947   Thumb Code    16  led.o(.text)
    .text                                    0x0001895c   Section        0  time.o(.text)
    NVIC_SetPriority                         0x000189e1   Thumb Code   110  time.o(.text)
    .text                                    0x00018a74   Section        0  uart.o(.text)
    NVIC_SetPriority                         0x00018ad5   Thumb Code   110  uart.o(.text)
    .text                                    0x00018b54   Section        0  pro_slip.o(.text)
    .text                                    0x00018ba8   Section        0  softdevice_handler.o(.text)
    .text                                    0x00018d68   Section        0  conn_mngr.o(.text)
    app_inst_init                            0x00018d69   Thumb Code    22  conn_mngr.o(.text)
    cnxn_inst_init                           0x00018d7f   Thumb Code    26  conn_mngr.o(.text)
    cnxn_inst_find                           0x00018d99   Thumb Code    52  conn_mngr.o(.text)
    cnxn_inst_free                           0x00018dcd   Thumb Code    34  conn_mngr.o(.text)
    scan_start                               0x00018ef7   Thumb Code    36  conn_mngr.o(.text)
    scan_stop                                0x00018f1b   Thumb Code    34  conn_mngr.o(.text)
    calculateAccuracy                        0x000190ed   Thumb Code   174  conn_mngr.o(.text)
    app_evt_notify                           0x00019473   Thumb Code    22  conn_mngr.o(.text)
    app_no_param_evt_notify                  0x00019489   Thumb Code    30  conn_mngr.o(.text)
    .text                                    0x000194d8   Section        0  simple_uart.o(.text)
    nrf_gpio_cfg_output                      0x000195bf   Thumb Code    18  simple_uart.o(.text)
    nrf_gpio_cfg_input                       0x000195d1   Thumb Code    20  simple_uart.o(.text)
    .text                                    0x000195f4   Section        0  memcpya.o(.text)
    .text                                    0x00019618   Section        0  dadd.o(.text)
    .text                                    0x0001977c   Section        0  dmul.o(.text)
    .text                                    0x0001984c   Section        0  ddiv.o(.text)
    .text                                    0x0001993c   Section        0  dflti.o(.text)
    .text                                    0x00019964   Section       40  cdcmple.o(.text)
    .text                                    0x0001998c   Section        0  llshl.o(.text)
    .text                                    0x000199ac   Section        0  llsshr.o(.text)
    .text                                    0x000199d2   Section        0  iusefp.o(.text)
    .text                                    0x000199d2   Section        0  depilogue.o(.text)
    .text                                    0x00019a90   Section        0  dscalb.o(.text)
    .text                                    0x00019abc   Section       40  cdrcmple.o(.text)
    .text                                    0x00019ae4   Section       36  init.o(.text)
    .text                                    0x00019b08   Section        0  llushr.o(.text)
    .text                                    0x00019b2a   Section        0  dsqrt.o(.text)
    i.__ARM_clz                              0x00019bcc   Section        0  depilogue.o(i.__ARM_clz)
    i.__ARM_common_switch8                   0x00019bfa   Section        0  client_handling.o(i.__ARM_common_switch8)
    i.__ARM_fpclassify                       0x00019c18   Section        0  fpclassify.o(i.__ARM_fpclassify)
    i.__kernel_poly                          0x00019c44   Section        0  poly.o(i.__kernel_poly)
    i.__mathlib_dbl_underflow                0x00019cf0   Section        0  dunder.o(i.__mathlib_dbl_underflow)
    i.__scatterload_copy                     0x00019d04   Section       14  handlers.o(i.__scatterload_copy)
    i.__scatterload_null                     0x00019d12   Section        2  handlers.o(i.__scatterload_null)
    i.__scatterload_zeroinit                 0x00019d14   Section       14  handlers.o(i.__scatterload_zeroinit)
    i.__set_errno                            0x00019d24   Section        0  errno.o(i.__set_errno)
    i.pow                                    0x00019d30   Section        0  pow.o(i.pow)
    i.sqrt                                   0x0001a718   Section        0  sqrt.o(i.sqrt)
    .constdata                               0x0001a760   Section       16  client_handling.o(.constdata)
    .constdata                               0x0001a770   Section       24  conn_mngr.o(.constdata)
    m_scan_param                             0x0001a770   Data          16  conn_mngr.o(.constdata)
    m_cnxn_param                             0x0001a780   Data           8  conn_mngr.o(.constdata)
    .constdata                               0x0001a788   Section      136  pow.o(.constdata)
    bp                                       0x0001a788   Data          16  pow.o(.constdata)
    dp_h                                     0x0001a798   Data          16  pow.o(.constdata)
    dp_l                                     0x0001a7a8   Data          16  pow.o(.constdata)
    L                                        0x0001a7b8   Data          48  pow.o(.constdata)
    P                                        0x0001a7e8   Data          40  pow.o(.constdata)
    .constdata                               0x0001a810   Section        8  qnan.o(.constdata)
    .data                                    0x20002800   Section        4  system_nrf51.o(.data)
    __tagsym$$used                           0x20002800   Number         0  system_nrf51.o(.data)
    .data                                    0x20002804   Section        4  main.o(.data)
    .data                                    0x20002808   Section        2  client_handling.o(.data)
    m_client_count                           0x20002808   Data           1  client_handling.o(.data)
    m_base_uuid_type                         0x20002809   Data           1  client_handling.o(.data)
    .data                                    0x2000280a   Section        1  uart.o(.data)
    data_array                               0x2000280a   Data           1  uart.o(.data)
    .data                                    0x2000280c   Section       20  softdevice_handler.o(.data)
    m_evt_schedule_func                      0x2000280c   Data           4  softdevice_handler.o(.data)
    m_evt_buffer                             0x20002810   Data           4  softdevice_handler.o(.data)
    m_ble_evt_buffer_size                    0x20002814   Data           2  softdevice_handler.o(.data)
    m_softdevice_enabled                     0x20002816   Data           1  softdevice_handler.o(.data)
    m_ble_evt_handler                        0x20002818   Data           4  softdevice_handler.o(.data)
    m_sys_evt_handler                        0x2000281c   Data           4  softdevice_handler.o(.data)
    .data                                    0x20002820   Section        9  conn_mngr.o(.data)
    m_app_table                              0x20002820   Data           8  conn_mngr.o(.data)
    m_module_initialized                     0x20002828   Data           1  conn_mngr.o(.data)
    .data                                    0x2000282c   Section        4  errno.o(.data)
    _errno                                   0x2000282c   Data           4  errno.o(.data)
    .bss                                     0x20002830   Section       72  main.o(.bss)
    EVT_BUFFER                               0x20002830   Data          72  main.o(.bss)
    .bss                                     0x20002878   Section      288  client_handling.o(.bss)
    m_client                                 0x20002878   Data         288  client_handling.o(.bss)
    .bss                                     0x20002998   Section       64  conn_mngr.o(.bss)
    m_cnxn_inst_table                        0x20002998   Data          64  conn_mngr.o(.bss)
    STACK                                    0x200029d8   Section     2048  arm_startup_nrf51.o(STACK)

    Global Symbols

    Symbol Name                              Value     Ov Type        Size  Object(Section)

    BuildAttributes$$THM_ISAv3M$S$PE$A:L22$X:L11$S22$IEEE1$IW$USESV6$~STKCKD$USESV7$ENUMINT$~SHL$OTIME$ROPI$IEEEX$EBA8$MICROLIB$REQ8$PRES8$EABIv2 0x00000000   Number         0  anon$$obj.o ABSOLUTE
    __ARM_use_no_argv                        0x00000000   Number         0  main.o ABSOLUTE
    __cpp_initialize__aeabi_                  - Undefined Weak Reference
    __cxa_finalize                            - Undefined Weak Reference
    __decompress                              - Undefined Weak Reference
    _clock_init                               - Undefined Weak Reference
    _microlib_exit                            - Undefined Weak Reference
    __Vectors_Size                           0x000000c0   Number         0  arm_startup_nrf51.o ABSOLUTE
    __Vectors                                0x00018000   Data           4  arm_startup_nrf51.o(RESET)
    __Vectors_End                            0x000180c0   Data           0  arm_startup_nrf51.o(RESET)
    __main                                   0x000180c1   Thumb Code     0  entry.o(.ARM.Collect$$$$00000000)
    _main_stk                                0x000180c1   Thumb Code     0  entry2.o(.ARM.Collect$$$$00000001)
    _main_scatterload                        0x000180c5   Thumb Code     0  entry5.o(.ARM.Collect$$$$00000004)
    __main_after_scatterload                 0x000180c9   Thumb Code     0  entry5.o(.ARM.Collect$$$$00000004)
    _main_clock                              0x000180c9   Thumb Code     0  entry7b.o(.ARM.Collect$$$$00000008)
    _main_cpp_init                           0x000180c9   Thumb Code     0  entry8b.o(.ARM.Collect$$$$0000000A)
    _main_init                               0x000180c9   Thumb Code     0  entry9a.o(.ARM.Collect$$$$0000000B)
    __rt_final_cpp                           0x000180d1   Thumb Code     0  entry10a.o(.ARM.Collect$$$$0000000D)
    __rt_final_exit                          0x000180d1   Thumb Code     0  entry11a.o(.ARM.Collect$$$$0000000F)
    __asm___13_simple_uart_c_5dda6715__nrf_delay_us 0x000180d5   Thumb Code    30  simple_uart.o(.emb_text)
    Reset_Handler                            0x000180f5   Thumb Code    18  arm_startup_nrf51.o(.text)
    NMI_Handler                              0x00018107   Thumb Code     2  arm_startup_nrf51.o(.text)
    HardFault_Handler                        0x00018109   Thumb Code     2  arm_startup_nrf51.o(.text)
    SVC_Handler                              0x0001810b   Thumb Code     2  arm_startup_nrf51.o(.text)
    PendSV_Handler                           0x0001810d   Thumb Code     2  arm_startup_nrf51.o(.text)
    SysTick_Handler                          0x0001810f   Thumb Code     2  arm_startup_nrf51.o(.text)
    ADC_IRQHandler                           0x00018111   Thumb Code     0  arm_startup_nrf51.o(.text)
    CCM_AAR_IRQHandler                       0x00018111   Thumb Code     0  arm_startup_nrf51.o(.text)
    ECB_IRQHandler                           0x00018111   Thumb Code     0  arm_startup_nrf51.o(.text)
    GPIOTE_IRQHandler                        0x00018111   Thumb Code     0  arm_startup_nrf51.o(.text)
    LPCOMP_COMP_IRQHandler                   0x00018111   Thumb Code     0  arm_startup_nrf51.o(.text)
    POWER_CLOCK_IRQHandler                   0x00018111   Thumb Code     0  arm_startup_nrf51.o(.text)
    QDEC_IRQHandler                          0x00018111   Thumb Code     0  arm_startup_nrf51.o(.text)
    RADIO_IRQHandler                         0x00018111   Thumb Code     0  arm_startup_nrf51.o(.text)
    RNG_IRQHandler                           0x00018111   Thumb Code     0  arm_startup_nrf51.o(.text)
    RTC0_IRQHandler                          0x00018111   Thumb Code     0  arm_startup_nrf51.o(.text)
    RTC1_IRQHandler                          0x00018111   Thumb Code     0  arm_startup_nrf51.o(.text)
    SPI0_TWI0_IRQHandler                     0x00018111   Thumb Code     0  arm_startup_nrf51.o(.text)
    SPI1_TWI1_IRQHandler                     0x00018111   Thumb Code     0  arm_startup_nrf51.o(.text)
    SWI0_IRQHandler                          0x00018111   Thumb Code     0  arm_startup_nrf51.o(.text)
    SWI1_IRQHandler                          0x00018111   Thumb Code     0  arm_startup_nrf51.o(.text)
    SWI3_IRQHandler                          0x00018111   Thumb Code     0  arm_startup_nrf51.o(.text)
    SWI4_IRQHandler                          0x00018111   Thumb Code     0  arm_startup_nrf51.o(.text)
    SWI5_IRQHandler                          0x00018111   Thumb Code     0  arm_startup_nrf51.o(.text)
    TEMP_IRQHandler                          0x00018111   Thumb Code     0  arm_startup_nrf51.o(.text)
    TIMER0_IRQHandler                        0x00018111   Thumb Code     0  arm_startup_nrf51.o(.text)
    TIMER1_IRQHandler                        0x00018111   Thumb Code     0  arm_startup_nrf51.o(.text)
    WDT_IRQHandler                           0x00018111   Thumb Code     0  arm_startup_nrf51.o(.text)
    SystemCoreClockUpdate                    0x00018121   Thumb Code     8  system_nrf51.o(.text)
    SystemInit                               0x000181c5   Thumb Code    38  system_nrf51.o(.text)
    app_error_handler                        0x00018209   Thumb Code    34  main.o(.text)
    assert_nrf_callback                      0x0001822b   Thumb Code    14  main.o(.text)
    connection_manager_event_handler         0x00018239   Thumb Code    90  main.o(.text)
    main                                     0x0001836f   Thumb Code    36  main.o(.text)
    client_ble_evt_handler                   0x00018735   Thumb Code    80  client_handling.o(.text)
    client_init                              0x00018785   Thumb Code   172  client_handling.o(.text)
    client_count                             0x00018831   Thumb Code     6  client_handling.o(.text)
    client_create                            0x00018837   Thumb Code   100  client_handling.o(.text)
    client_destroy                           0x0001889b   Thumb Code    50  client_handling.o(.text)
    led_init                                 0x000188d5   Thumb Code    16  led.o(.text)
    LED1_Open                                0x000188e5   Thumb Code    10  led.o(.text)
    LED1_Close                               0x000188ef   Thumb Code    10  led.o(.text)
    LED1_Toggle                              0x000188f9   Thumb Code    10  led.o(.text)
    LED2_Open                                0x00018903   Thumb Code    10  led.o(.text)
    LED2_Close                               0x0001890d   Thumb Code    10  led.o(.text)
    LED2_Toggle                              0x00018917   Thumb Code    10  led.o(.text)
    time1_init                               0x0001895d   Thumb Code    76  time.o(.text)
    TIMER2_IRQHandler                        0x000189a9   Thumb Code    56  time.o(.text)
    USART_Configuration                      0x00018a75   Thumb Code    20  uart.o(.text)
    uart_data_handler                        0x00018a89   Thumb Code    16  uart.o(.text)
    uart_exit                                0x00018a99   Thumb Code    30  uart.o(.text)
    UART0_IRQHandler                         0x00018ab7   Thumb Code    20  uart.o(.text)
    fgetc                                    0x00018acb   Thumb Code    10  uart.o(.text)
    data_packet_send                         0x00018b55   Thumb Code    82  pro_slip.o(.text)
    softdevice_assertion_handler             0x00018ba9   Thumb Code    18  softdevice_handler.o(.text)
    intern_softdevice_events_execute         0x00018bbb   Thumb Code   168  softdevice_handler.o(.text)
    softdevice_handler_init                  0x00018c63   Thumb Code    84  softdevice_handler.o(.text)
    softdevice_handler_sd_disable            0x00018cb7   Thumb Code    24  softdevice_handler.o(.text)
    softdevice_ble_evt_handler_set           0x00018ccf   Thumb Code    18  softdevice_handler.o(.text)
    softdevice_sys_evt_handler_set           0x00018ce1   Thumb Code    18  softdevice_handler.o(.text)
    SWI2_IRQHandler                          0x00018cf3   Thumb Code    52  softdevice_handler.o(.text)
    adv_report_parse                         0x00018def   Thumb Code   264  conn_mngr.o(.text)
    conn_mngr_init                           0x00018f3d   Thumb Code    44  conn_mngr.o(.text)
    conn_mngr_register                       0x00018f69   Thumb Code    82  conn_mngr.o(.text)
    conn_mngr_start                          0x00018fbb   Thumb Code    40  conn_mngr.o(.text)
    conn_mngr_disconnect                     0x00018fe3   Thumb Code    96  conn_mngr.o(.text)
    conn_mngr_app_context_set                0x00019043   Thumb Code    84  conn_mngr.o(.text)
    conn_mngr_app_context_get                0x00019097   Thumb Code    86  conn_mngr.o(.text)
    conn_mngr_ble_evt_handler                0x0001919b   Thumb Code   728  conn_mngr.o(.text)
    simple_uart_get                          0x000194d9   Thumb Code    24  simple_uart.o(.text)
    simple_uart_get_with_timeout             0x000194f1   Thumb Code    62  simple_uart.o(.text)
    simple_uart_put                          0x0001952f   Thumb Code    22  simple_uart.o(.text)
    simple_uart_putstring                    0x00019545   Thumb Code    32  simple_uart.o(.text)
    simple_uart_config                       0x00019565   Thumb Code    90  simple_uart.o(.text)
    __aeabi_memcpy                           0x000195f5   Thumb Code    36  memcpya.o(.text)
    __aeabi_memcpy4                          0x000195f5   Thumb Code     0  memcpya.o(.text)
    __aeabi_memcpy8                          0x000195f5   Thumb Code     0  memcpya.o(.text)
    __aeabi_dadd                             0x00019619   Thumb Code   328  dadd.o(.text)
    __aeabi_dsub                             0x00019761   Thumb Code    12  dadd.o(.text)
    __aeabi_drsub                            0x0001976d   Thumb Code    12  dadd.o(.text)
    __aeabi_dmul                             0x0001977d   Thumb Code   202  dmul.o(.text)
    __aeabi_ddiv                             0x0001984d   Thumb Code   234  ddiv.o(.text)
    __aeabi_i2d                              0x0001993d   Thumb Code    34  dflti.o(.text)
    __aeabi_cdcmpeq                          0x00019965   Thumb Code     0  cdcmple.o(.text)
    __aeabi_cdcmple                          0x00019965   Thumb Code    38  cdcmple.o(.text)
    __aeabi_llsl                             0x0001998d   Thumb Code    32  llshl.o(.text)
    _ll_shift_l                              0x0001998d   Thumb Code     0  llshl.o(.text)
    __aeabi_lasr                             0x000199ad   Thumb Code    38  llsshr.o(.text)
    _ll_sshift_r                             0x000199ad   Thumb Code     0  llsshr.o(.text)
    __I$use$fp                               0x000199d3   Thumb Code     0  iusefp.o(.text)
    _double_round                            0x000199d3   Thumb Code    26  depilogue.o(.text)
    _double_epilogue                         0x000199ed   Thumb Code   164  depilogue.o(.text)
    __ARM_scalbn                             0x00019a91   Thumb Code    44  dscalb.o(.text)
    scalbn                                   0x00019a91   Thumb Code     0  dscalb.o(.text)
    __aeabi_cdrcmple                         0x00019abd   Thumb Code    38  cdrcmple.o(.text)
    __scatterload                            0x00019ae5   Thumb Code    28  init.o(.text)
    __scatterload_rt2                        0x00019ae5   Thumb Code     0  init.o(.text)
    __aeabi_llsr                             0x00019b09   Thumb Code    34  llushr.o(.text)
    _ll_ushift_r                             0x00019b09   Thumb Code     0  llushr.o(.text)
    _dsqrt                                   0x00019b2b   Thumb Code   162  dsqrt.o(.text)
    __ARM_clz                                0x00019bcd   Thumb Code    46  depilogue.o(i.__ARM_clz)
    __ARM_common_switch8                     0x00019bfb   Thumb Code    28  client_handling.o(i.__ARM_common_switch8)
    __ARM_fpclassify                         0x00019c19   Thumb Code    40  fpclassify.o(i.__ARM_fpclassify)
    __kernel_poly                            0x00019c45   Thumb Code   172  poly.o(i.__kernel_poly)
    __mathlib_dbl_underflow                  0x00019cf1   Thumb Code    14  dunder.o(i.__mathlib_dbl_underflow)
    __scatterload_copy                       0x00019d05   Thumb Code    14  handlers.o(i.__scatterload_copy)
    __scatterload_null                       0x00019d13   Thumb Code     2  handlers.o(i.__scatterload_null)
    __scatterload_zeroinit                   0x00019d15   Thumb Code    14  handlers.o(i.__scatterload_zeroinit)
    __set_errno                              0x00019d25   Thumb Code     6  errno.o(i.__set_errno)
    pow                                      0x00019d31   Thumb Code  2526  pow.o(i.pow)
    sqrt                                     0x0001a719   Thumb Code    66  sqrt.o(i.sqrt)
    __mathlib_zero                           0x0001a810   Data           8  qnan.o(.constdata)
    Region$$Table$$Base                      0x0001a818   Number         0  anon$$obj.o(Region$$Table)
    Region$$Table$$Limit                     0x0001a838   Number         0  anon$$obj.o(Region$$Table)
    SystemCoreClock                          0x20002800   Data           4  system_nrf51.o(.data)
    tc_tick                                  0x20002804   Data           4  main.o(.data)
    __initial_sp                             0x200031d8   Data           0  arm_startup_nrf51.o(STACK)



==============================================================================

Memory Map of the image

  Image Entry point : 0x000180c1

  Load Region LR_IROM1 (Base: 0x00018000, Size: 0x00002868, Max: 0x00027000, ABSOLUTE)

    Execution Region ER_IROM1 (Base: 0x00018000, Size: 0x00002838, Max: 0x00027000, ABSOLUTE)

    Base Addr    Size         Type   Attr      Idx    E Section Name        Object

    0x00018000   0x000000c0   Data   RO            3    RESET               arm_startup_nrf51.o
    0x000180c0   0x00000000   Code   RO          665  * .ARM.Collect$$$$00000000  mc_p.l(entry.o)
    0x000180c0   0x00000004   Code   RO          701    .ARM.Collect$$$$00000001  mc_p.l(entry2.o)
    0x000180c4   0x00000004   Code   RO          704    .ARM.Collect$$$$00000004  mc_p.l(entry5.o)
    0x000180c8   0x00000000   Code   RO          706    .ARM.Collect$$$$00000008  mc_p.l(entry7b.o)
    0x000180c8   0x00000000   Code   RO          708    .ARM.Collect$$$$0000000A  mc_p.l(entry8b.o)
    0x000180c8   0x00000008   Code   RO          709    .ARM.Collect$$$$0000000B  mc_p.l(entry9a.o)
    0x000180d0   0x00000000   Code   RO          711    .ARM.Collect$$$$0000000D  mc_p.l(entry10a.o)
    0x000180d0   0x00000000   Code   RO          713    .ARM.Collect$$$$0000000F  mc_p.l(entry11a.o)
    0x000180d0   0x00000004   Code   RO          702    .ARM.Collect$$$$00002712  mc_p.l(entry2.o)
    0x000180d4   0x0000001e   Code   RO          627    .emb_text           simple_uart.o
    0x000180f2   0x00000002   PAD
    0x000180f4   0x0000002c   Code   RO            4    .text               arm_startup_nrf51.o
    0x00018120   0x000000e8   Code   RO           12    .text               system_nrf51.o
    0x00018208   0x000001b4   Code   RO           69    .text               main.o
    0x000183bc   0x00000518   Code   RO          227    .text               client_handling.o
    0x000188d4   0x00000088   Code   RO          310    .text               led.o
    0x0001895c   0x00000118   Code   RO          333    .text               time.o
    0x00018a74   0x000000e0   Code   RO          357    .text               uart.o
    0x00018b54   0x00000052   Code   RO          385    .text               pro_slip.o
    0x00018ba6   0x00000002   PAD
    0x00018ba8   0x000001c0   Code   RO          480    .text               softdevice_handler.o
    0x00018d68   0x00000770   Code   RO          548    .text               conn_mngr.o
    0x000194d8   0x0000011c   Code   RO          628    .text               simple_uart.o
    0x000195f4   0x00000024   Code   RO          668    .text               mc_p.l(memcpya.o)
    0x00019618   0x00000164   Code   RO          676    .text               mf_p.l(dadd.o)
    0x0001977c   0x000000d0   Code   RO          678    .text               mf_p.l(dmul.o)
    0x0001984c   0x000000f0   Code   RO          680    .text               mf_p.l(ddiv.o)
    0x0001993c   0x00000028   Code   RO          682    .text               mf_p.l(dflti.o)
    0x00019964   0x00000028   Code   RO          684    .text               mf_p.l(cdcmple.o)
    0x0001998c   0x00000020   Code   RO          715    .text               mc_p.l(llshl.o)
    0x000199ac   0x00000026   Code   RO          717    .text               mc_p.l(llsshr.o)
    0x000199d2   0x00000000   Code   RO          726    .text               mc_p.l(iusefp.o)
    0x000199d2   0x000000be   Code   RO          727    .text               mf_p.l(depilogue.o)
    0x00019a90   0x0000002c   Code   RO          731    .text               mf_p.l(dscalb.o)
    0x00019abc   0x00000028   Code   RO          733    .text               mf_p.l(cdrcmple.o)
    0x00019ae4   0x00000024   Code   RO          735    .text               mc_p.l(init.o)
    0x00019b08   0x00000022   Code   RO          737    .text               mc_p.l(llushr.o)
    0x00019b2a   0x000000a2   Code   RO          739    .text               mf_p.l(dsqrt.o)
    0x00019bcc   0x0000002e   Code   RO          729    i.__ARM_clz         mf_p.l(depilogue.o)
    0x00019bfa   0x0000001c   Code   RO          246    i.__ARM_common_switch8  client_handling.o
    0x00019c16   0x00000002   PAD
    0x00019c18   0x0000002c   Code   RO          688    i.__ARM_fpclassify  m_ps.l(fpclassify.o)
    0x00019c44   0x000000ac   Code   RO          690    i.__kernel_poly     m_ps.l(poly.o)
    0x00019cf0   0x00000014   Code   RO          686    i.__mathlib_dbl_underflow  m_ps.l(dunder.o)
    0x00019d04   0x0000000e   Code   RO          743    i.__scatterload_copy  mc_p.l(handlers.o)
    0x00019d12   0x00000002   Code   RO          744    i.__scatterload_null  mc_p.l(handlers.o)
    0x00019d14   0x0000000e   Code   RO          745    i.__scatterload_zeroinit  mc_p.l(handlers.o)
    0x00019d22   0x00000002   PAD
    0x00019d24   0x0000000c   Code   RO          721    i.__set_errno       mc_p.l(errno.o)
    0x00019d30   0x000009e8   Code   RO          656    i.pow               m_ps.l(pow.o)
    0x0001a718   0x00000048   Code   RO          694    i.sqrt              m_ps.l(sqrt.o)
    0x0001a760   0x00000010   Data   RO          229    .constdata          client_handling.o
    0x0001a770   0x00000018   Data   RO          550    .constdata          conn_mngr.o
    0x0001a788   0x00000088   Data   RO          657    .constdata          m_ps.l(pow.o)
    0x0001a810   0x00000008   Data   RO          692    .constdata          m_ps.l(qnan.o)
    0x0001a818   0x00000020   Data   RO          741    Region$$Table       anon$$obj.o


    Execution Region RW_IRAM1 (Base: 0x20002800, Size: 0x000009d8, Max: 0x00001800, ABSOLUTE)

    Base Addr    Size         Type   Attr      Idx    E Section Name        Object

    0x20002800   0x00000004   Data   RW           13    .data               system_nrf51.o
    0x20002804   0x00000004   Data   RW           71    .data               main.o
    0x20002808   0x00000002   Data   RW          230    .data               client_handling.o
    0x2000280a   0x00000001   Data   RW          358    .data               uart.o
    0x2000280b   0x00000001   PAD
    0x2000280c   0x00000014   Data   RW          481    .data               softdevice_handler.o
    0x20002820   0x00000009   Data   RW          551    .data               conn_mngr.o
    0x20002829   0x00000003   PAD
    0x2000282c   0x00000004   Data   RW          722    .data               mc_p.l(errno.o)
    0x20002830   0x00000048   Zero   RW           70    .bss                main.o
    0x20002878   0x00000120   Zero   RW          228    .bss                client_handling.o
    0x20002998   0x00000040   Zero   RW          549    .bss                conn_mngr.o
    0x200029d8   0x00000800   Zero   RW            1    STACK               arm_startup_nrf51.o


==============================================================================

Image component sizes


      Code (inc. data)   RO Data    RW Data    ZI Data      Debug   Object Name

        44         14        192          0       2048        748   arm_startup_nrf51.o
         0          0          0          0          0      13512   ble_srv_common.o
      1332         68         16          2        288      36951   client_handling.o
      1904         80         24          9         64      10392   conn_mngr.o
       136          6          0          0          0       3609   led.o
       436         42          0          4         72      60128   main.o
        82          0          0          0          0        671   pro_slip.o
       314         16          0          0          0       5064   simple_uart.o
       448         66          0         20          0      21492   softdevice_handler.o
       232         30          0          4          0      22125   system_nrf51.o
       280         38          0          0          0       6747   time.o
       224         18          0          1          0       7717   uart.o

    ----------------------------------------------------------------------
      5438        378        264         44       2472     189156   Object Totals
         0          0         32          0          0          0   (incl. Generated)
         6          0          0          4          0          0   (incl. Padding)

    ----------------------------------------------------------------------

      Code (inc. data)   RO Data    RW Data    ZI Data      Debug   Library Member Name

        20          6          0          0          0         68   dunder.o
        44          4          0          0          0         60   fpclassify.o
       172          0          0          0          0         76   poly.o
      2536        224        136          0          0        216   pow.o
         0          0          8          0          0          0   qnan.o
        72          6          0          0          0         76   sqrt.o
         0          0          0          0          0          0   entry.o
         0          0          0          0          0          0   entry10a.o
         0          0          0          0          0          0   entry11a.o
         8          4          0          0          0          0   entry2.o
         4          0          0          0          0          0   entry5.o
         0          0          0          0          0          0   entry7b.o
         0          0          0          0          0          0   entry8b.o
         8          4          0          0          0          0   entry9a.o
        12          6          0          4          0         60   errno.o
        30          0          0          0          0          0   handlers.o
        36          8          0          0          0         68   init.o
         0          0          0          0          0          0   iusefp.o
        32          0          0          0          0         68   llshl.o
        38          0          0          0          0         68   llsshr.o
        34          0          0          0          0         68   llushr.o
        36          0          0          0          0         60   memcpya.o
        40          2          0          0          0         68   cdcmple.o
        40          2          0          0          0         68   cdrcmple.o
       356          4          0          0          0        140   dadd.o
       240          6          0          0          0         84   ddiv.o
       236          0          0          0          0        216   depilogue.o
        40          6          0          0          0         68   dflti.o
       208          6          0          0          0         88   dmul.o
        44          0          0          0          0         72   dscalb.o
       162          0          0          0          0         80   dsqrt.o

    ----------------------------------------------------------------------
      4450        288        144          4          0       1772   Library Totals
         2          0          0          0          0          0   (incl. Padding)

    ----------------------------------------------------------------------

      Code (inc. data)   RO Data    RW Data    ZI Data      Debug   Library Name

      2844        240        144          0          0        496   m_ps.l
       238         22          0          4          0        392   mc_p.l
      1366         26          0          0          0        884   mf_p.l

    ----------------------------------------------------------------------
      4450        288        144          4          0       1772   Library Totals

    ----------------------------------------------------------------------

==============================================================================


      Code (inc. data)   RO Data    RW Data    ZI Data      Debug   

      9888        666        408         48       2472     189604   Grand Totals
      9888        666        408         48       2472     189604   ELF Image Totals
      9888        666        408         48          0          0   ROM Totals

==============================================================================

    Total RO  Size (Code + RO Data)                10296 (  10.05kB)
    Total RW  Size (RW Data + ZI Data)              2520 (   2.46kB)
    Total ROM Size (Code + RO Data + RW Data)      10344 (  10.10kB)

==============================================================================

